[1.021s] Invoking command in '/home/xdblackout/Dev/DesmitificandoRobotica/proyecto_ws/src/robot_bringup': DEBUGINFOD_URLS=https://debuginfod.ubuntu.com PYTHONPATH=/home/xdblackout/Dev/DesmitificandoRobotica/proyecto_ws/build/robot_bringup/prefix_override:/usr/lib/python3/dist-packages/colcon_core/task/python/colcon_distutils_commands:/home/xdblackout/Dev/DesmitificandoRobotica/proyecto_ws/install/robot_bringup/lib/python3.12/site-packages:${PYTHONPATH} /usr/bin/python3 -W ignore:setup.py install is deprecated -W ignore:easy_install command is deprecated setup.py egg_info --egg-base ../../build/robot_bringup build --build-base /home/xdblackout/Dev/DesmitificandoRobotica/proyecto_ws/build/robot_bringup/build install --record /home/xdblackout/Dev/DesmitificandoRobotica/proyecto_ws/build/robot_bringup/install.log --single-version-externally-managed install_data
[1.196s] running egg_info
[1.196s] creating ../../build/robot_bringup/robot_bringup.egg-info
[1.210s] writing ../../build/robot_bringup/robot_bringup.egg-info/PKG-INFO
[1.210s] writing dependency_links to ../../build/robot_bringup/robot_bringup.egg-info/dependency_links.txt
[1.210s] writing requirements to ../../build/robot_bringup/robot_bringup.egg-info/requires.txt
[1.210s] writing top-level names to ../../build/robot_bringup/robot_bringup.egg-info/top_level.txt
[1.211s] writing manifest file '../../build/robot_bringup/robot_bringup.egg-info/SOURCES.txt'
[1.236s] reading manifest file '../../build/robot_bringup/robot_bringup.egg-info/SOURCES.txt'
[1.237s] writing manifest file '../../build/robot_bringup/robot_bringup.egg-info/SOURCES.txt'
[1.237s] running build
[1.237s] running build_py
[1.237s] creating /home/xdblackout/Dev/DesmitificandoRobotica/proyecto_ws/build/robot_bringup/build
[1.237s] creating /home/xdblackout/Dev/DesmitificandoRobotica/proyecto_ws/build/robot_bringup/build/lib
[1.237s] creating /home/xdblackout/Dev/DesmitificandoRobotica/proyecto_ws/build/robot_bringup/build/lib/robot_bringup
[1.237s] copying robot_bringup/__init__.py -> /home/xdblackout/Dev/DesmitificandoRobotica/proyecto_ws/build/robot_bringup/build/lib/robot_bringup
[1.237s] running install
[1.241s] running install_lib
[1.254s] creating /home/xdblackout/Dev/DesmitificandoRobotica/proyecto_ws/install/robot_bringup/lib/python3.12/site-packages/robot_bringup
[1.254s] copying /home/xdblackout/Dev/DesmitificandoRobotica/proyecto_ws/build/robot_bringup/build/lib/robot_bringup/__init__.py -> /home/xdblackout/Dev/DesmitificandoRobotica/proyecto_ws/install/robot_bringup/lib/python3.12/site-packages/robot_bringup
[1.254s] byte-compiling /home/xdblackout/Dev/DesmitificandoRobotica/proyecto_ws/install/robot_bringup/lib/python3.12/site-packages/robot_bringup/__init__.py to __init__.cpython-312.pyc
[1.255s] running install_data
[1.255s] creating /home/xdblackout/Dev/DesmitificandoRobotica/proyecto_ws/install/robot_bringup/share/ament_index
[1.255s] creating /home/xdblackout/Dev/DesmitificandoRobotica/proyecto_ws/install/robot_bringup/share/ament_index/resource_index
[1.255s] creating /home/xdblackout/Dev/DesmitificandoRobotica/proyecto_ws/install/robot_bringup/share/ament_index/resource_index/packages
[1.255s] copying resource/robot_bringup -> /home/xdblackout/Dev/DesmitificandoRobotica/proyecto_ws/install/robot_bringup/share/ament_index/resource_index/packages
[1.255s] copying package.xml -> /home/xdblackout/Dev/DesmitificandoRobotica/proyecto_ws/install/robot_bringup/share/robot_bringup
[1.255s] running install_egg_info
[1.268s] Copying ../../build/robot_bringup/robot_bringup.egg-info to /home/xdblackout/Dev/DesmitificandoRobotica/proyecto_ws/install/robot_bringup/lib/python3.12/site-packages/robot_bringup-0.0.0-py3.12.egg-info
[1.269s] running install_scripts
[1.361s] writing list of installed files to '/home/xdblackout/Dev/DesmitificandoRobotica/proyecto_ws/build/robot_bringup/install.log'
[1.386s] Invoked command in '/home/xdblackout/Dev/DesmitificandoRobotica/proyecto_ws/src/robot_bringup' returned '0': DEBUGINFOD_URLS=https://debuginfod.ubuntu.com PYTHONPATH=/home/xdblackout/Dev/DesmitificandoRobotica/proyecto_ws/build/robot_bringup/prefix_override:/usr/lib/python3/dist-packages/colcon_core/task/python/colcon_distutils_commands:/home/xdblackout/Dev/DesmitificandoRobotica/proyecto_ws/install/robot_bringup/lib/python3.12/site-packages:${PYTHONPATH} /usr/bin/python3 -W ignore:setup.py install is deprecated -W ignore:easy_install command is deprecated setup.py egg_info --egg-base ../../build/robot_bringup build --build-base /home/xdblackout/Dev/DesmitificandoRobotica/proyecto_ws/build/robot_bringup/build install --record /home/xdblackout/Dev/DesmitificandoRobotica/proyecto_ws/build/robot_bringup/install.log --single-version-externally-managed install_data
