[1.011s] Invoking command in '/home/xdblackout/Dev/DesmitificandoRobotica/proyecto_ws/src/robot_hardware': DEBUGINFOD_URLS=https://debuginfod.ubuntu.com PYTHONPATH=/home/xdblackout/Dev/DesmitificandoRobotica/proyecto_ws/build/robot_hardware/prefix_override:/usr/lib/python3/dist-packages/colcon_core/task/python/colcon_distutils_commands:/home/xdblackout/Dev/DesmitificandoRobotica/proyecto_ws/install/robot_hardware/lib/python3.12/site-packages:${PYTHONPATH} /usr/bin/python3 -W ignore:setup.py install is deprecated -W ignore:easy_install command is deprecated setup.py egg_info --egg-base ../../build/robot_hardware build --build-base /home/xdblackout/Dev/DesmitificandoRobotica/proyecto_ws/build/robot_hardware/build install --record /home/xdblackout/Dev/DesmitificandoRobotica/proyecto_ws/build/robot_hardware/install.log --single-version-externally-managed install_data
[1.187s] running egg_info
[1.187s] creating ../../build/robot_hardware/robot_hardware.egg-info
[1.201s] writing ../../build/robot_hardware/robot_hardware.egg-info/PKG-INFO
[1.201s] writing dependency_links to ../../build/robot_hardware/robot_hardware.egg-info/dependency_links.txt
[1.201s] writing requirements to ../../build/robot_hardware/robot_hardware.egg-info/requires.txt
[1.201s] writing top-level names to ../../build/robot_hardware/robot_hardware.egg-info/top_level.txt
[1.201s] writing manifest file '../../build/robot_hardware/robot_hardware.egg-info/SOURCES.txt'
[1.228s] reading manifest file '../../build/robot_hardware/robot_hardware.egg-info/SOURCES.txt'
[1.229s] writing manifest file '../../build/robot_hardware/robot_hardware.egg-info/SOURCES.txt'
[1.229s] running build
[1.229s] running build_py
[1.229s] creating /home/xdblackout/Dev/DesmitificandoRobotica/proyecto_ws/build/robot_hardware/build
[1.229s] creating /home/xdblackout/Dev/DesmitificandoRobotica/proyecto_ws/build/robot_hardware/build/lib
[1.229s] creating /home/xdblackout/Dev/DesmitificandoRobotica/proyecto_ws/build/robot_hardware/build/lib/robot_hardware
[1.229s] copying robot_hardware/__init__.py -> /home/xdblackout/Dev/DesmitificandoRobotica/proyecto_ws/build/robot_hardware/build/lib/robot_hardware
[1.229s] running install
[1.233s] running install_lib
[1.247s] creating /home/xdblackout/Dev/DesmitificandoRobotica/proyecto_ws/install/robot_hardware/lib/python3.12/site-packages/robot_hardware
[1.247s] copying /home/xdblackout/Dev/DesmitificandoRobotica/proyecto_ws/build/robot_hardware/build/lib/robot_hardware/__init__.py -> /home/xdblackout/Dev/DesmitificandoRobotica/proyecto_ws/install/robot_hardware/lib/python3.12/site-packages/robot_hardware
[1.247s] byte-compiling /home/xdblackout/Dev/DesmitificandoRobotica/proyecto_ws/install/robot_hardware/lib/python3.12/site-packages/robot_hardware/__init__.py to __init__.cpython-312.pyc
[1.247s] running install_data
[1.247s] creating /home/xdblackout/Dev/DesmitificandoRobotica/proyecto_ws/install/robot_hardware/share/ament_index
[1.247s] creating /home/xdblackout/Dev/DesmitificandoRobotica/proyecto_ws/install/robot_hardware/share/ament_index/resource_index
[1.247s] creating /home/xdblackout/Dev/DesmitificandoRobotica/proyecto_ws/install/robot_hardware/share/ament_index/resource_index/packages
[1.247s] copying resource/robot_hardware -> /home/xdblackout/Dev/DesmitificandoRobotica/proyecto_ws/install/robot_hardware/share/ament_index/resource_index/packages
[1.248s] copying package.xml -> /home/xdblackout/Dev/DesmitificandoRobotica/proyecto_ws/install/robot_hardware/share/robot_hardware
[1.248s] running install_egg_info
[1.262s] Copying ../../build/robot_hardware/robot_hardware.egg-info to /home/xdblackout/Dev/DesmitificandoRobotica/proyecto_ws/install/robot_hardware/lib/python3.12/site-packages/robot_hardware-0.0.0-py3.12.egg-info
[1.263s] running install_scripts
[1.356s] writing list of installed files to '/home/xdblackout/Dev/DesmitificandoRobotica/proyecto_ws/build/robot_hardware/install.log'
[1.387s] Invoked command in '/home/xdblackout/Dev/DesmitificandoRobotica/proyecto_ws/src/robot_hardware' returned '0': DEBUGINFOD_URLS=https://debuginfod.ubuntu.com PYTHONPATH=/home/xdblackout/Dev/DesmitificandoRobotica/proyecto_ws/build/robot_hardware/prefix_override:/usr/lib/python3/dist-packages/colcon_core/task/python/colcon_distutils_commands:/home/xdblackout/Dev/DesmitificandoRobotica/proyecto_ws/install/robot_hardware/lib/python3.12/site-packages:${PYTHONPATH} /usr/bin/python3 -W ignore:setup.py install is deprecated -W ignore:easy_install command is deprecated setup.py egg_info --egg-base ../../build/robot_hardware build --build-base /home/xdblackout/Dev/DesmitificandoRobotica/proyecto_ws/build/robot_hardware/build install --record /home/xdblackout/Dev/DesmitificandoRobotica/proyecto_ws/build/robot_hardware/install.log --single-version-externally-managed install_data
