[3.153s] Invoking command in '/home/xdblackout/Dev/DesmitificandoRobotica/proyecto_ws/build/robot_hardware': DEBUGINFOD_URLS=https://debuginfod.ubuntu.com PYTHONPATH=/home/xdblackout/Dev/DesmitificandoRobotica/proyecto_ws/build/robot_hardware/prefix_override:/usr/lib/python3/dist-packages/colcon_core/task/python/colcon_distutils_commands:/home/xdblackout/Dev/DesmitificandoRobotica/proyecto_ws/install/robot_hardware/lib/python3.12/site-packages:${PYTHONPATH} /usr/bin/python3 -W ignore:setup.py install is deprecated -W ignore:easy_install command is deprecated setup.py develop --editable --build-directory /home/xdblackout/Dev/DesmitificandoRobotica/proyecto_ws/build/robot_hardware/build --no-deps symlink_data
[3.870s] running develop
[4.314s] running egg_info
[4.314s] creating robot_hardware.egg-info
[4.355s] writing robot_hardware.egg-info/PKG-INFO
[4.355s] writing dependency_links to robot_hardware.egg-info/dependency_links.txt
[4.356s] writing entry points to robot_hardware.egg-info/entry_points.txt
[4.357s] writing requirements to robot_hardware.egg-info/requires.txt
[4.357s] writing top-level names to robot_hardware.egg-info/top_level.txt
[4.357s] writing manifest file 'robot_hardware.egg-info/SOURCES.txt'
[4.441s] reading manifest file 'robot_hardware.egg-info/SOURCES.txt'
[4.442s] writing manifest file 'robot_hardware.egg-info/SOURCES.txt'
[4.486s] running build_ext
[4.486s] Creating /home/xdblackout/Dev/DesmitificandoRobotica/proyecto_ws/install/robot_hardware/lib/python3.12/site-packages/robot-hardware.egg-link (link to .)
[4.487s] Installing robot_hardware script to /home/xdblackout/Dev/DesmitificandoRobotica/proyecto_ws/install/robot_hardware/lib/robot_hardware
[4.490s] 
[4.490s] Installed /home/xdblackout/Dev/DesmitificandoRobotica/proyecto_ws/build/robot_hardware
[4.490s] running symlink_data
[4.490s] creating /home/xdblackout/Dev/DesmitificandoRobotica/proyecto_ws/install/robot_hardware/share/ament_index
[4.490s] creating /home/xdblackout/Dev/DesmitificandoRobotica/proyecto_ws/install/robot_hardware/share/ament_index/resource_index
[4.490s] creating /home/xdblackout/Dev/DesmitificandoRobotica/proyecto_ws/install/robot_hardware/share/ament_index/resource_index/packages
[4.490s] symbolically linking /home/xdblackout/Dev/DesmitificandoRobotica/proyecto_ws/build/robot_hardware/resource/robot_hardware -> /home/xdblackout/Dev/DesmitificandoRobotica/proyecto_ws/install/robot_hardware/share/ament_index/resource_index/packages
[4.491s] symbolically linking /home/xdblackout/Dev/DesmitificandoRobotica/proyecto_ws/build/robot_hardware/package.xml -> /home/xdblackout/Dev/DesmitificandoRobotica/proyecto_ws/install/robot_hardware/share/robot_hardware
[4.558s] Invoked command in '/home/xdblackout/Dev/DesmitificandoRobotica/proyecto_ws/build/robot_hardware' returned '0': DEBUGINFOD_URLS=https://debuginfod.ubuntu.com PYTHONPATH=/home/xdblackout/Dev/DesmitificandoRobotica/proyecto_ws/build/robot_hardware/prefix_override:/usr/lib/python3/dist-packages/colcon_core/task/python/colcon_distutils_commands:/home/xdblackout/Dev/DesmitificandoRobotica/proyecto_ws/install/robot_hardware/lib/python3.12/site-packages:${PYTHONPATH} /usr/bin/python3 -W ignore:setup.py install is deprecated -W ignore:easy_install command is deprecated setup.py develop --editable --build-directory /home/xdblackout/Dev/DesmitificandoRobotica/proyecto_ws/build/robot_hardware/build --no-deps symlink_data
