[0.216s] DEBUG:colcon:Command line arguments: ['/usr/bin/colcon', 'build', '--symlink-install']
[0.216s] DEBUG:colcon:Parsed command line arguments: Namespace(log_base=None, log_level=None, verb_name='build', build_base='build', install_base='install', merge_install=False, symlink_install=True, test_result_base=None, continue_on_error=False, executor='parallel', parallel_workers=16, event_handlers=None, ignore_user_meta=False, metas=['./colcon.meta'], base_paths=['.'], packages_ignore=None, packages_ignore_regex=None, paths=None, packages_up_to=None, packages_up_to_regex=None, packages_above=None, packages_above_and_dependencies=None, packages_above_depth=None, packages_select_by_dep=None, packages_skip_by_dep=None, packages_skip_up_to=None, packages_select_build_failed=False, packages_skip_build_finished=False, packages_select_test_failures=False, packages_skip_test_passed=False, packages_select=None, packages_skip=None, packages_select_regex=None, packages_skip_regex=None, packages_start=None, packages_end=None, allow_overriding=[], cmake_args=None, cmake_target=None, cmake_target_skip_unavailable=False, cmake_clean_cache=False, cmake_clean_first=False, cmake_force_configure=False, ament_cmake_args=None, catkin_cmake_args=None, catkin_skip_building_tests=False, mixin_files=None, mixin=None, verb_parser=<colcon_mixin.mixin.mixin_argument.MixinArgumentDecorator object at 0x76490eac8fb0>, verb_extension=<colcon_core.verb.build.BuildVerb object at 0x76490eac8c20>, main=<bound method BuildVerb.main of <colcon_core.verb.build.BuildVerb object at 0x76490eac8c20>>, mixin_verb=('build',))
[0.296s] Level 1:colcon.colcon_core.package_discovery:discover_packages(colcon_meta) check parameters
[0.296s] Level 1:colcon.colcon_core.package_discovery:discover_packages(recursive) check parameters
[0.296s] Level 1:colcon.colcon_core.package_discovery:discover_packages(ignore) check parameters
[0.296s] Level 1:colcon.colcon_core.package_discovery:discover_packages(path) check parameters
[0.296s] Level 1:colcon.colcon_core.package_discovery:discover_packages(colcon_meta) discover
[0.297s] Level 1:colcon.colcon_core.package_discovery:discover_packages(recursive) discover
[0.297s] INFO:colcon.colcon_core.package_discovery:Crawling recursively for packages in '/home/xdblackout/Dev/DesmitificandoRobotica/proyecto_ws'
[0.297s] Level 1:colcon.colcon_core.package_identification:_identify(.) by extensions ['ignore', 'ignore_ament_install']
[0.297s] Level 1:colcon.colcon_core.package_identification:_identify(.) by extension 'ignore'
[0.297s] Level 1:colcon.colcon_core.package_identification:_identify(.) by extension 'ignore_ament_install'
[0.297s] Level 1:colcon.colcon_core.package_identification:_identify(.) by extensions ['colcon_pkg']
[0.297s] Level 1:colcon.colcon_core.package_identification:_identify(.) by extension 'colcon_pkg'
[0.297s] Level 1:colcon.colcon_core.package_identification:_identify(.) by extensions ['colcon_meta']
[0.297s] Level 1:colcon.colcon_core.package_identification:_identify(.) by extension 'colcon_meta'
[0.297s] Level 1:colcon.colcon_core.package_identification:_identify(.) by extensions ['ros']
[0.298s] Level 1:colcon.colcon_core.package_identification:_identify(.) by extension 'ros'
[0.349s] Level 1:colcon.colcon_core.package_identification:_identify(.) by extensions ['cmake', 'python']
[0.349s] Level 1:colcon.colcon_core.package_identification:_identify(.) by extension 'cmake'
[0.349s] Level 1:colcon.colcon_core.package_identification:_identify(.) by extension 'python'
[0.349s] Level 1:colcon.colcon_core.package_identification:_identify(.) by extensions ['python_setup_py']
[0.349s] Level 1:colcon.colcon_core.package_identification:_identify(.) by extension 'python_setup_py'
[0.349s] Level 1:colcon.colcon_core.package_identification:_identify(build) by extensions ['ignore', 'ignore_ament_install']
[0.349s] Level 1:colcon.colcon_core.package_identification:_identify(build) by extension 'ignore'
[0.349s] Level 1:colcon.colcon_core.package_identification:_identify(build) ignored
[0.350s] Level 1:colcon.colcon_core.package_identification:_identify(install) by extensions ['ignore', 'ignore_ament_install']
[0.350s] Level 1:colcon.colcon_core.package_identification:_identify(install) by extension 'ignore'
[0.350s] Level 1:colcon.colcon_core.package_identification:_identify(install) ignored
[0.350s] Level 1:colcon.colcon_core.package_identification:_identify(log) by extensions ['ignore', 'ignore_ament_install']
[0.350s] Level 1:colcon.colcon_core.package_identification:_identify(log) by extension 'ignore'
[0.350s] Level 1:colcon.colcon_core.package_identification:_identify(log) ignored
[0.350s] Level 1:colcon.colcon_core.package_identification:_identify(src) by extensions ['ignore', 'ignore_ament_install']
[0.350s] Level 1:colcon.colcon_core.package_identification:_identify(src) by extension 'ignore'
[0.351s] Level 1:colcon.colcon_core.package_identification:_identify(src) by extension 'ignore_ament_install'
[0.351s] Level 1:colcon.colcon_core.package_identification:_identify(src) by extensions ['colcon_pkg']
[0.351s] Level 1:colcon.colcon_core.package_identification:_identify(src) by extension 'colcon_pkg'
[0.351s] Level 1:colcon.colcon_core.package_identification:_identify(src) by extensions ['colcon_meta']
[0.351s] Level 1:colcon.colcon_core.package_identification:_identify(src) by extension 'colcon_meta'
[0.351s] Level 1:colcon.colcon_core.package_identification:_identify(src) by extensions ['ros']
[0.351s] Level 1:colcon.colcon_core.package_identification:_identify(src) by extension 'ros'
[0.351s] Level 1:colcon.colcon_core.package_identification:_identify(src) by extensions ['cmake', 'python']
[0.351s] Level 1:colcon.colcon_core.package_identification:_identify(src) by extension 'cmake'
[0.351s] Level 1:colcon.colcon_core.package_identification:_identify(src) by extension 'python'
[0.351s] Level 1:colcon.colcon_core.package_identification:_identify(src) by extensions ['python_setup_py']
[0.351s] Level 1:colcon.colcon_core.package_identification:_identify(src) by extension 'python_setup_py'
[0.351s] Level 1:colcon.colcon_core.package_identification:_identify(src/robot_bringup) by extensions ['ignore', 'ignore_ament_install']
[0.351s] Level 1:colcon.colcon_core.package_identification:_identify(src/robot_bringup) by extension 'ignore'
[0.352s] Level 1:colcon.colcon_core.package_identification:_identify(src/robot_bringup) by extension 'ignore_ament_install'
[0.352s] Level 1:colcon.colcon_core.package_identification:_identify(src/robot_bringup) by extensions ['colcon_pkg']
[0.352s] Level 1:colcon.colcon_core.package_identification:_identify(src/robot_bringup) by extension 'colcon_pkg'
[0.352s] Level 1:colcon.colcon_core.package_identification:_identify(src/robot_bringup) by extensions ['colcon_meta']
[0.352s] Level 1:colcon.colcon_core.package_identification:_identify(src/robot_bringup) by extension 'colcon_meta'
[0.352s] Level 1:colcon.colcon_core.package_identification:_identify(src/robot_bringup) by extensions ['ros']
[0.352s] Level 1:colcon.colcon_core.package_identification:_identify(src/robot_bringup) by extension 'ros'
[0.356s] DEBUG:colcon.colcon_core.package_identification:Package 'src/robot_bringup' with type 'ros.ament_python' and name 'robot_bringup'
[0.356s] Level 1:colcon.colcon_core.package_identification:_identify(src/robot_description) by extensions ['ignore', 'ignore_ament_install']
[0.357s] Level 1:colcon.colcon_core.package_identification:_identify(src/robot_description) by extension 'ignore'
[0.357s] Level 1:colcon.colcon_core.package_identification:_identify(src/robot_description) by extension 'ignore_ament_install'
[0.357s] Level 1:colcon.colcon_core.package_identification:_identify(src/robot_description) by extensions ['colcon_pkg']
[0.357s] Level 1:colcon.colcon_core.package_identification:_identify(src/robot_description) by extension 'colcon_pkg'
[0.357s] Level 1:colcon.colcon_core.package_identification:_identify(src/robot_description) by extensions ['colcon_meta']
[0.357s] Level 1:colcon.colcon_core.package_identification:_identify(src/robot_description) by extension 'colcon_meta'
[0.357s] Level 1:colcon.colcon_core.package_identification:_identify(src/robot_description) by extensions ['ros']
[0.357s] Level 1:colcon.colcon_core.package_identification:_identify(src/robot_description) by extension 'ros'
[0.358s] DEBUG:colcon.colcon_core.package_identification:Package 'src/robot_description' with type 'ros.ament_python' and name 'robot_description'
[0.358s] Level 1:colcon.colcon_core.package_identification:_identify(src/robot_hardware) by extensions ['ignore', 'ignore_ament_install']
[0.358s] Level 1:colcon.colcon_core.package_identification:_identify(src/robot_hardware) by extension 'ignore'
[0.358s] Level 1:colcon.colcon_core.package_identification:_identify(src/robot_hardware) by extension 'ignore_ament_install'
[0.359s] Level 1:colcon.colcon_core.package_identification:_identify(src/robot_hardware) by extensions ['colcon_pkg']
[0.359s] Level 1:colcon.colcon_core.package_identification:_identify(src/robot_hardware) by extension 'colcon_pkg'
[0.359s] Level 1:colcon.colcon_core.package_identification:_identify(src/robot_hardware) by extensions ['colcon_meta']
[0.359s] Level 1:colcon.colcon_core.package_identification:_identify(src/robot_hardware) by extension 'colcon_meta'
[0.359s] Level 1:colcon.colcon_core.package_identification:_identify(src/robot_hardware) by extensions ['ros']
[0.359s] Level 1:colcon.colcon_core.package_identification:_identify(src/robot_hardware) by extension 'ros'
[0.360s] DEBUG:colcon.colcon_core.package_identification:Package 'src/robot_hardware' with type 'ros.ament_python' and name 'robot_hardware'
[0.360s] Level 1:colcon.colcon_core.package_identification:_identify(src/robot_kinematics) by extensions ['ignore', 'ignore_ament_install']
[0.360s] Level 1:colcon.colcon_core.package_identification:_identify(src/robot_kinematics) by extension 'ignore'
[0.360s] Level 1:colcon.colcon_core.package_identification:_identify(src/robot_kinematics) by extension 'ignore_ament_install'
[0.360s] Level 1:colcon.colcon_core.package_identification:_identify(src/robot_kinematics) by extensions ['colcon_pkg']
[0.360s] Level 1:colcon.colcon_core.package_identification:_identify(src/robot_kinematics) by extension 'colcon_pkg'
[0.360s] Level 1:colcon.colcon_core.package_identification:_identify(src/robot_kinematics) by extensions ['colcon_meta']
[0.360s] Level 1:colcon.colcon_core.package_identification:_identify(src/robot_kinematics) by extension 'colcon_meta'
[0.361s] Level 1:colcon.colcon_core.package_identification:_identify(src/robot_kinematics) by extensions ['ros']
[0.361s] Level 1:colcon.colcon_core.package_identification:_identify(src/robot_kinematics) by extension 'ros'
[0.361s] DEBUG:colcon.colcon_core.package_identification:Package 'src/robot_kinematics' with type 'ros.ament_python' and name 'robot_kinematics'
[0.361s] Level 1:colcon.colcon_core.package_discovery:discover_packages(recursive) using defaults
[0.361s] Level 1:colcon.colcon_core.package_discovery:discover_packages(ignore) discover
[0.362s] Level 1:colcon.colcon_core.package_discovery:discover_packages(ignore) using defaults
[0.362s] Level 1:colcon.colcon_core.package_discovery:discover_packages(path) discover
[0.362s] Level 1:colcon.colcon_core.package_discovery:discover_packages(path) using defaults
[0.396s] Level 1:colcon.colcon_core.package_discovery:discover_packages(prefix_path) check parameters
[0.396s] Level 1:colcon.colcon_core.package_discovery:discover_packages(prefix_path) discover
[0.398s] WARNING:colcon.colcon_ros.prefix_path.ament:The path '/home/xdblackout/Dev/DesmitificandoRobotica/proyecto_ws/install/robot_kinematics' in the environment variable AMENT_PREFIX_PATH doesn't exist
[0.398s] WARNING:colcon.colcon_ros.prefix_path.ament:The path '/home/xdblackout/Dev/DesmitificandoRobotica/proyecto_ws/install/robot_hardware' in the environment variable AMENT_PREFIX_PATH doesn't exist
[0.398s] WARNING:colcon.colcon_ros.prefix_path.ament:The path '/home/xdblackout/Dev/DesmitificandoRobotica/proyecto_ws/install/robot_description' in the environment variable AMENT_PREFIX_PATH doesn't exist
[0.398s] WARNING:colcon.colcon_ros.prefix_path.ament:The path '/home/xdblackout/Dev/DesmitificandoRobotica/proyecto_ws/install/robot_bringup' in the environment variable AMENT_PREFIX_PATH doesn't exist
[0.400s] DEBUG:colcon.colcon_installed_package_information.package_discovery:Found 0 installed packages in /home/xdblackout/Dev/DesmitificandoRobotica/proyecto_ws/install
[0.405s] DEBUG:colcon.colcon_installed_package_information.package_discovery:Found 292 installed packages in /opt/ros/jazzy
[0.408s] Level 1:colcon.colcon_core.package_discovery:discover_packages(prefix_path) using defaults
[0.491s] Level 5:colcon.colcon_core.verb:set package 'robot_bringup' build argument 'cmake_args' from command line to 'None'
[0.491s] Level 5:colcon.colcon_core.verb:set package 'robot_bringup' build argument 'cmake_target' from command line to 'None'
[0.491s] Level 5:colcon.colcon_core.verb:set package 'robot_bringup' build argument 'cmake_target_skip_unavailable' from command line to 'False'
[0.491s] Level 5:colcon.colcon_core.verb:set package 'robot_bringup' build argument 'cmake_clean_cache' from command line to 'False'
[0.491s] Level 5:colcon.colcon_core.verb:set package 'robot_bringup' build argument 'cmake_clean_first' from command line to 'False'
[0.491s] Level 5:colcon.colcon_core.verb:set package 'robot_bringup' build argument 'cmake_force_configure' from command line to 'False'
[0.491s] Level 5:colcon.colcon_core.verb:set package 'robot_bringup' build argument 'ament_cmake_args' from command line to 'None'
[0.491s] Level 5:colcon.colcon_core.verb:set package 'robot_bringup' build argument 'catkin_cmake_args' from command line to 'None'
[0.491s] Level 5:colcon.colcon_core.verb:set package 'robot_bringup' build argument 'catkin_skip_building_tests' from command line to 'False'
[0.491s] DEBUG:colcon.colcon_core.verb:Building package 'robot_bringup' with the following arguments: {'ament_cmake_args': None, 'build_base': '/home/xdblackout/Dev/DesmitificandoRobotica/proyecto_ws/build/robot_bringup', 'catkin_cmake_args': None, 'catkin_skip_building_tests': False, 'cmake_args': None, 'cmake_clean_cache': False, 'cmake_clean_first': False, 'cmake_force_configure': False, 'cmake_target': None, 'cmake_target_skip_unavailable': False, 'install_base': '/home/xdblackout/Dev/DesmitificandoRobotica/proyecto_ws/install/robot_bringup', 'merge_install': False, 'path': '/home/xdblackout/Dev/DesmitificandoRobotica/proyecto_ws/src/robot_bringup', 'symlink_install': True, 'test_result_base': None}
[0.492s] Level 5:colcon.colcon_core.verb:set package 'robot_description' build argument 'cmake_args' from command line to 'None'
[0.492s] Level 5:colcon.colcon_core.verb:set package 'robot_description' build argument 'cmake_target' from command line to 'None'
[0.492s] Level 5:colcon.colcon_core.verb:set package 'robot_description' build argument 'cmake_target_skip_unavailable' from command line to 'False'
[0.492s] Level 5:colcon.colcon_core.verb:set package 'robot_description' build argument 'cmake_clean_cache' from command line to 'False'
[0.492s] Level 5:colcon.colcon_core.verb:set package 'robot_description' build argument 'cmake_clean_first' from command line to 'False'
[0.492s] Level 5:colcon.colcon_core.verb:set package 'robot_description' build argument 'cmake_force_configure' from command line to 'False'
[0.492s] Level 5:colcon.colcon_core.verb:set package 'robot_description' build argument 'ament_cmake_args' from command line to 'None'
[0.492s] Level 5:colcon.colcon_core.verb:set package 'robot_description' build argument 'catkin_cmake_args' from command line to 'None'
[0.492s] Level 5:colcon.colcon_core.verb:set package 'robot_description' build argument 'catkin_skip_building_tests' from command line to 'False'
[0.492s] DEBUG:colcon.colcon_core.verb:Building package 'robot_description' with the following arguments: {'ament_cmake_args': None, 'build_base': '/home/xdblackout/Dev/DesmitificandoRobotica/proyecto_ws/build/robot_description', 'catkin_cmake_args': None, 'catkin_skip_building_tests': False, 'cmake_args': None, 'cmake_clean_cache': False, 'cmake_clean_first': False, 'cmake_force_configure': False, 'cmake_target': None, 'cmake_target_skip_unavailable': False, 'install_base': '/home/xdblackout/Dev/DesmitificandoRobotica/proyecto_ws/install/robot_description', 'merge_install': False, 'path': '/home/xdblackout/Dev/DesmitificandoRobotica/proyecto_ws/src/robot_description', 'symlink_install': True, 'test_result_base': None}
[0.492s] Level 5:colcon.colcon_core.verb:set package 'robot_hardware' build argument 'cmake_args' from command line to 'None'
[0.492s] Level 5:colcon.colcon_core.verb:set package 'robot_hardware' build argument 'cmake_target' from command line to 'None'
[0.492s] Level 5:colcon.colcon_core.verb:set package 'robot_hardware' build argument 'cmake_target_skip_unavailable' from command line to 'False'
[0.493s] Level 5:colcon.colcon_core.verb:set package 'robot_hardware' build argument 'cmake_clean_cache' from command line to 'False'
[0.493s] Level 5:colcon.colcon_core.verb:set package 'robot_hardware' build argument 'cmake_clean_first' from command line to 'False'
[0.493s] Level 5:colcon.colcon_core.verb:set package 'robot_hardware' build argument 'cmake_force_configure' from command line to 'False'
[0.493s] Level 5:colcon.colcon_core.verb:set package 'robot_hardware' build argument 'ament_cmake_args' from command line to 'None'
[0.493s] Level 5:colcon.colcon_core.verb:set package 'robot_hardware' build argument 'catkin_cmake_args' from command line to 'None'
[0.493s] Level 5:colcon.colcon_core.verb:set package 'robot_hardware' build argument 'catkin_skip_building_tests' from command line to 'False'
[0.493s] DEBUG:colcon.colcon_core.verb:Building package 'robot_hardware' with the following arguments: {'ament_cmake_args': None, 'build_base': '/home/xdblackout/Dev/DesmitificandoRobotica/proyecto_ws/build/robot_hardware', 'catkin_cmake_args': None, 'catkin_skip_building_tests': False, 'cmake_args': None, 'cmake_clean_cache': False, 'cmake_clean_first': False, 'cmake_force_configure': False, 'cmake_target': None, 'cmake_target_skip_unavailable': False, 'install_base': '/home/xdblackout/Dev/DesmitificandoRobotica/proyecto_ws/install/robot_hardware', 'merge_install': False, 'path': '/home/xdblackout/Dev/DesmitificandoRobotica/proyecto_ws/src/robot_hardware', 'symlink_install': True, 'test_result_base': None}
[0.493s] Level 5:colcon.colcon_core.verb:set package 'robot_kinematics' build argument 'cmake_args' from command line to 'None'
[0.493s] Level 5:colcon.colcon_core.verb:set package 'robot_kinematics' build argument 'cmake_target' from command line to 'None'
[0.493s] Level 5:colcon.colcon_core.verb:set package 'robot_kinematics' build argument 'cmake_target_skip_unavailable' from command line to 'False'
[0.493s] Level 5:colcon.colcon_core.verb:set package 'robot_kinematics' build argument 'cmake_clean_cache' from command line to 'False'
[0.493s] Level 5:colcon.colcon_core.verb:set package 'robot_kinematics' build argument 'cmake_clean_first' from command line to 'False'
[0.493s] Level 5:colcon.colcon_core.verb:set package 'robot_kinematics' build argument 'cmake_force_configure' from command line to 'False'
[0.494s] Level 5:colcon.colcon_core.verb:set package 'robot_kinematics' build argument 'ament_cmake_args' from command line to 'None'
[0.494s] Level 5:colcon.colcon_core.verb:set package 'robot_kinematics' build argument 'catkin_cmake_args' from command line to 'None'
[0.494s] Level 5:colcon.colcon_core.verb:set package 'robot_kinematics' build argument 'catkin_skip_building_tests' from command line to 'False'
[0.494s] DEBUG:colcon.colcon_core.verb:Building package 'robot_kinematics' with the following arguments: {'ament_cmake_args': None, 'build_base': '/home/xdblackout/Dev/DesmitificandoRobotica/proyecto_ws/build/robot_kinematics', 'catkin_cmake_args': None, 'catkin_skip_building_tests': False, 'cmake_args': None, 'cmake_clean_cache': False, 'cmake_clean_first': False, 'cmake_force_configure': False, 'cmake_target': None, 'cmake_target_skip_unavailable': False, 'install_base': '/home/xdblackout/Dev/DesmitificandoRobotica/proyecto_ws/install/robot_kinematics', 'merge_install': False, 'path': '/home/xdblackout/Dev/DesmitificandoRobotica/proyecto_ws/src/robot_kinematics', 'symlink_install': True, 'test_result_base': None}
[0.494s] INFO:colcon.colcon_core.executor:Executing jobs using 'parallel' executor
[0.496s] DEBUG:colcon.colcon_parallel_executor.executor.parallel:run_until_complete
[0.496s] INFO:colcon.colcon_ros.task.ament_python.build:Building ROS package in '/home/xdblackout/Dev/DesmitificandoRobotica/proyecto_ws/src/robot_bringup' with build type 'ament_python'
[0.496s] Level 1:colcon.colcon_core.shell:create_environment_hook('robot_bringup', 'ament_prefix_path')
[0.500s] INFO:colcon.colcon_core.plugin_system:Skipping extension 'colcon_core.shell.bat': Not used on non-Windows systems
[0.500s] INFO:colcon.colcon_core.shell:Creating environment hook '/home/xdblackout/Dev/DesmitificandoRobotica/proyecto_ws/install/robot_bringup/share/robot_bringup/hook/ament_prefix_path.ps1'
[0.502s] INFO:colcon.colcon_core.shell:Creating environment descriptor '/home/xdblackout/Dev/DesmitificandoRobotica/proyecto_ws/install/robot_bringup/share/robot_bringup/hook/ament_prefix_path.dsv'
[0.503s] INFO:colcon.colcon_core.shell:Creating environment hook '/home/xdblackout/Dev/DesmitificandoRobotica/proyecto_ws/install/robot_bringup/share/robot_bringup/hook/ament_prefix_path.sh'
[0.505s] INFO:colcon.colcon_core.shell:Skip shell extension 'powershell' for command environment: Not usable outside of PowerShell
[0.505s] DEBUG:colcon.colcon_core.shell:Skip shell extension 'dsv' for command environment
[0.512s] INFO:colcon.colcon_ros.task.ament_python.build:Building ROS package in '/home/xdblackout/Dev/DesmitificandoRobotica/proyecto_ws/src/robot_description' with build type 'ament_python'
[0.513s] Level 1:colcon.colcon_core.shell:create_environment_hook('robot_description', 'ament_prefix_path')
[0.513s] INFO:colcon.colcon_core.shell:Creating environment hook '/home/xdblackout/Dev/DesmitificandoRobotica/proyecto_ws/install/robot_description/share/robot_description/hook/ament_prefix_path.ps1'
[0.514s] INFO:colcon.colcon_core.shell:Creating environment descriptor '/home/xdblackout/Dev/DesmitificandoRobotica/proyecto_ws/install/robot_description/share/robot_description/hook/ament_prefix_path.dsv'
[0.515s] INFO:colcon.colcon_core.shell:Creating environment hook '/home/xdblackout/Dev/DesmitificandoRobotica/proyecto_ws/install/robot_description/share/robot_description/hook/ament_prefix_path.sh'
[0.516s] INFO:colcon.colcon_core.shell:Skip shell extension 'powershell' for command environment: Not usable outside of PowerShell
[0.516s] DEBUG:colcon.colcon_core.shell:Skip shell extension 'dsv' for command environment
[0.523s] INFO:colcon.colcon_ros.task.ament_python.build:Building ROS package in '/home/xdblackout/Dev/DesmitificandoRobotica/proyecto_ws/src/robot_hardware' with build type 'ament_python'
[0.523s] Level 1:colcon.colcon_core.shell:create_environment_hook('robot_hardware', 'ament_prefix_path')
[0.523s] INFO:colcon.colcon_core.shell:Creating environment hook '/home/xdblackout/Dev/DesmitificandoRobotica/proyecto_ws/install/robot_hardware/share/robot_hardware/hook/ament_prefix_path.ps1'
[0.525s] INFO:colcon.colcon_core.shell:Creating environment descriptor '/home/xdblackout/Dev/DesmitificandoRobotica/proyecto_ws/install/robot_hardware/share/robot_hardware/hook/ament_prefix_path.dsv'
[0.526s] INFO:colcon.colcon_core.shell:Creating environment hook '/home/xdblackout/Dev/DesmitificandoRobotica/proyecto_ws/install/robot_hardware/share/robot_hardware/hook/ament_prefix_path.sh'
[0.526s] INFO:colcon.colcon_core.shell:Skip shell extension 'powershell' for command environment: Not usable outside of PowerShell
[0.526s] DEBUG:colcon.colcon_core.shell:Skip shell extension 'dsv' for command environment
[0.531s] INFO:colcon.colcon_ros.task.ament_python.build:Building ROS package in '/home/xdblackout/Dev/DesmitificandoRobotica/proyecto_ws/src/robot_kinematics' with build type 'ament_python'
[0.532s] Level 1:colcon.colcon_core.shell:create_environment_hook('robot_kinematics', 'ament_prefix_path')
[0.532s] INFO:colcon.colcon_core.shell:Creating environment hook '/home/xdblackout/Dev/DesmitificandoRobotica/proyecto_ws/install/robot_kinematics/share/robot_kinematics/hook/ament_prefix_path.ps1'
[0.533s] INFO:colcon.colcon_core.shell:Creating environment descriptor '/home/xdblackout/Dev/DesmitificandoRobotica/proyecto_ws/install/robot_kinematics/share/robot_kinematics/hook/ament_prefix_path.dsv'
[0.534s] INFO:colcon.colcon_core.shell:Creating environment hook '/home/xdblackout/Dev/DesmitificandoRobotica/proyecto_ws/install/robot_kinematics/share/robot_kinematics/hook/ament_prefix_path.sh'
[0.534s] INFO:colcon.colcon_core.shell:Skip shell extension 'powershell' for command environment: Not usable outside of PowerShell
[0.534s] DEBUG:colcon.colcon_core.shell:Skip shell extension 'dsv' for command environment
[1.004s] INFO:colcon.colcon_core.task.python.build:Building Python package in '/home/xdblackout/Dev/DesmitificandoRobotica/proyecto_ws/src/robot_bringup'
[1.005s] INFO:colcon.colcon_core.shell:Skip shell extension 'powershell' for command environment: Not usable outside of PowerShell
[1.005s] DEBUG:colcon.colcon_core.shell:Skip shell extension 'dsv' for command environment
[1.473s] INFO:colcon.colcon_core.task.python.build:Building Python package in '/home/xdblackout/Dev/DesmitificandoRobotica/proyecto_ws/src/robot_description'
[1.474s] INFO:colcon.colcon_core.shell:Skip shell extension 'powershell' for command environment: Not usable outside of PowerShell
[1.474s] DEBUG:colcon.colcon_core.shell:Skip shell extension 'dsv' for command environment
[1.953s] INFO:colcon.colcon_core.task.python.build:Building Python package in '/home/xdblackout/Dev/DesmitificandoRobotica/proyecto_ws/src/robot_hardware'
[1.953s] INFO:colcon.colcon_core.shell:Skip shell extension 'powershell' for command environment: Not usable outside of PowerShell
[1.953s] DEBUG:colcon.colcon_core.shell:Skip shell extension 'dsv' for command environment
[2.399s] INFO:colcon.colcon_core.task.python.build:Building Python package in '/home/xdblackout/Dev/DesmitificandoRobotica/proyecto_ws/src/robot_kinematics'
[2.400s] INFO:colcon.colcon_core.shell:Skip shell extension 'powershell' for command environment: Not usable outside of PowerShell
[2.400s] DEBUG:colcon.colcon_core.shell:Skip shell extension 'dsv' for command environment
[3.677s] DEBUG:colcon.colcon_core.event_handler.log_command:Invoking command in '/home/xdblackout/Dev/DesmitificandoRobotica/proyecto_ws/build/robot_hardware': DEBUGINFOD_URLS=https://debuginfod.ubuntu.com PYTHONPATH=/home/xdblackout/Dev/DesmitificandoRobotica/proyecto_ws/build/robot_hardware/prefix_override:/usr/lib/python3/dist-packages/colcon_core/task/python/colcon_distutils_commands:/home/xdblackout/Dev/DesmitificandoRobotica/proyecto_ws/install/robot_hardware/lib/python3.12/site-packages:${PYTHONPATH} /usr/bin/python3 -W ignore:setup.py install is deprecated -W ignore:easy_install command is deprecated setup.py develop --editable --build-directory /home/xdblackout/Dev/DesmitificandoRobotica/proyecto_ws/build/robot_hardware/build --no-deps symlink_data
[3.683s] DEBUG:colcon.colcon_core.event_handler.log_command:Invoking command in '/home/xdblackout/Dev/DesmitificandoRobotica/proyecto_ws/build/robot_description': DEBUGINFOD_URLS=https://debuginfod.ubuntu.com PYTHONPATH=/home/xdblackout/Dev/DesmitificandoRobotica/proyecto_ws/build/robot_description/prefix_override:/usr/lib/python3/dist-packages/colcon_core/task/python/colcon_distutils_commands:/home/xdblackout/Dev/DesmitificandoRobotica/proyecto_ws/install/robot_description/lib/python3.12/site-packages:${PYTHONPATH} /usr/bin/python3 -W ignore:setup.py install is deprecated -W ignore:easy_install command is deprecated setup.py develop --editable --build-directory /home/xdblackout/Dev/DesmitificandoRobotica/proyecto_ws/build/robot_description/build --no-deps symlink_data
[3.686s] DEBUG:colcon.colcon_core.event_handler.log_command:Invoking command in '/home/xdblackout/Dev/DesmitificandoRobotica/proyecto_ws/build/robot_kinematics': DEBUGINFOD_URLS=https://debuginfod.ubuntu.com PYTHONPATH=/home/xdblackout/Dev/DesmitificandoRobotica/proyecto_ws/build/robot_kinematics/prefix_override:/usr/lib/python3/dist-packages/colcon_core/task/python/colcon_distutils_commands:/home/xdblackout/Dev/DesmitificandoRobotica/proyecto_ws/install/robot_kinematics/lib/python3.12/site-packages:${PYTHONPATH} /usr/bin/python3 -W ignore:setup.py install is deprecated -W ignore:easy_install command is deprecated setup.py develop --editable --build-directory /home/xdblackout/Dev/DesmitificandoRobotica/proyecto_ws/build/robot_kinematics/build --no-deps symlink_data
[3.690s] DEBUG:colcon.colcon_core.event_handler.log_command:Invoking command in '/home/xdblackout/Dev/DesmitificandoRobotica/proyecto_ws/build/robot_bringup': DEBUGINFOD_URLS=https://debuginfod.ubuntu.com PYTHONPATH=/home/xdblackout/Dev/DesmitificandoRobotica/proyecto_ws/build/robot_bringup/prefix_override:/usr/lib/python3/dist-packages/colcon_core/task/python/colcon_distutils_commands:/home/xdblackout/Dev/DesmitificandoRobotica/proyecto_ws/install/robot_bringup/lib/python3.12/site-packages:${PYTHONPATH} /usr/bin/python3 -W ignore:setup.py install is deprecated -W ignore:easy_install command is deprecated setup.py develop --editable --build-directory /home/xdblackout/Dev/DesmitificandoRobotica/proyecto_ws/build/robot_bringup/build --no-deps symlink_data
[5.081s] Level 1:colcon.colcon_core.shell:create_environment_hook('robot_hardware', 'pythonpath_develop')
[5.081s] INFO:colcon.colcon_core.shell:Creating environment hook '/home/xdblackout/Dev/DesmitificandoRobotica/proyecto_ws/build/robot_hardware/share/robot_hardware/hook/pythonpath_develop.ps1'
[5.082s] DEBUG:colcon.colcon_core.event_handler.log_command:Invoked command in '/home/xdblackout/Dev/DesmitificandoRobotica/proyecto_ws/build/robot_hardware' returned '0': DEBUGINFOD_URLS=https://debuginfod.ubuntu.com PYTHONPATH=/home/xdblackout/Dev/DesmitificandoRobotica/proyecto_ws/build/robot_hardware/prefix_override:/usr/lib/python3/dist-packages/colcon_core/task/python/colcon_distutils_commands:/home/xdblackout/Dev/DesmitificandoRobotica/proyecto_ws/install/robot_hardware/lib/python3.12/site-packages:${PYTHONPATH} /usr/bin/python3 -W ignore:setup.py install is deprecated -W ignore:easy_install command is deprecated setup.py develop --editable --build-directory /home/xdblackout/Dev/DesmitificandoRobotica/proyecto_ws/build/robot_hardware/build --no-deps symlink_data
[5.083s] INFO:colcon.colcon_core.shell:Creating environment descriptor '/home/xdblackout/Dev/DesmitificandoRobotica/proyecto_ws/build/robot_hardware/share/robot_hardware/hook/pythonpath_develop.dsv'
[5.084s] INFO:colcon.colcon_core.shell:Creating environment hook '/home/xdblackout/Dev/DesmitificandoRobotica/proyecto_ws/build/robot_hardware/share/robot_hardware/hook/pythonpath_develop.sh'
[5.088s] Level 1:colcon.colcon_core.environment:checking '/home/xdblackout/Dev/DesmitificandoRobotica/proyecto_ws/install/robot_hardware' for CMake module files
[5.089s] Level 1:colcon.colcon_core.environment:checking '/home/xdblackout/Dev/DesmitificandoRobotica/proyecto_ws/install/robot_hardware' for CMake config files
[5.090s] Level 1:colcon.colcon_core.environment:checking '/home/xdblackout/Dev/DesmitificandoRobotica/proyecto_ws/install/robot_hardware/lib'
[5.090s] Level 1:colcon.colcon_core.environment:checking '/home/xdblackout/Dev/DesmitificandoRobotica/proyecto_ws/install/robot_hardware/bin'
[5.091s] Level 1:colcon.colcon_core.environment:checking '/home/xdblackout/Dev/DesmitificandoRobotica/proyecto_ws/install/robot_hardware/lib/pkgconfig/robot_hardware.pc'
[5.091s] Level 1:colcon.colcon_core.environment:checking '/home/xdblackout/Dev/DesmitificandoRobotica/proyecto_ws/install/robot_hardware/lib/python3.12/site-packages'
[5.091s] Level 1:colcon.colcon_core.shell:create_environment_hook('robot_hardware', 'pythonpath')
[5.091s] INFO:colcon.colcon_core.shell:Creating environment hook '/home/xdblackout/Dev/DesmitificandoRobotica/proyecto_ws/install/robot_hardware/share/robot_hardware/hook/pythonpath.ps1'
[5.092s] INFO:colcon.colcon_core.shell:Creating environment descriptor '/home/xdblackout/Dev/DesmitificandoRobotica/proyecto_ws/install/robot_hardware/share/robot_hardware/hook/pythonpath.dsv'
[5.093s] INFO:colcon.colcon_core.shell:Creating environment hook '/home/xdblackout/Dev/DesmitificandoRobotica/proyecto_ws/install/robot_hardware/share/robot_hardware/hook/pythonpath.sh'
[5.094s] Level 1:colcon.colcon_core.environment:checking '/home/xdblackout/Dev/DesmitificandoRobotica/proyecto_ws/install/robot_hardware/bin'
[5.094s] Level 1:colcon.colcon_core.environment:create_environment_scripts_only(robot_hardware)
[5.095s] INFO:colcon.colcon_core.shell:Creating package script '/home/xdblackout/Dev/DesmitificandoRobotica/proyecto_ws/install/robot_hardware/share/robot_hardware/package.ps1'
[5.096s] INFO:colcon.colcon_core.shell:Creating package descriptor '/home/xdblackout/Dev/DesmitificandoRobotica/proyecto_ws/install/robot_hardware/share/robot_hardware/package.dsv'
[5.097s] INFO:colcon.colcon_core.shell:Creating package script '/home/xdblackout/Dev/DesmitificandoRobotica/proyecto_ws/install/robot_hardware/share/robot_hardware/package.sh'
[5.098s] INFO:colcon.colcon_core.shell:Creating package script '/home/xdblackout/Dev/DesmitificandoRobotica/proyecto_ws/install/robot_hardware/share/robot_hardware/package.bash'
[5.099s] INFO:colcon.colcon_core.shell:Creating package script '/home/xdblackout/Dev/DesmitificandoRobotica/proyecto_ws/install/robot_hardware/share/robot_hardware/package.zsh'
[5.100s] Level 1:colcon.colcon_core.environment:create_file_with_runtime_dependencies(/home/xdblackout/Dev/DesmitificandoRobotica/proyecto_ws/install/robot_hardware/share/colcon-core/packages/robot_hardware)
[5.104s] Level 1:colcon.colcon_core.shell:create_environment_hook('robot_description', 'pythonpath_develop')
[5.105s] INFO:colcon.colcon_core.shell:Creating environment hook '/home/xdblackout/Dev/DesmitificandoRobotica/proyecto_ws/build/robot_description/share/robot_description/hook/pythonpath_develop.ps1'
[5.107s] DEBUG:colcon.colcon_core.event_handler.log_command:Invoked command in '/home/xdblackout/Dev/DesmitificandoRobotica/proyecto_ws/build/robot_description' returned '0': DEBUGINFOD_URLS=https://debuginfod.ubuntu.com PYTHONPATH=/home/xdblackout/Dev/DesmitificandoRobotica/proyecto_ws/build/robot_description/prefix_override:/usr/lib/python3/dist-packages/colcon_core/task/python/colcon_distutils_commands:/home/xdblackout/Dev/DesmitificandoRobotica/proyecto_ws/install/robot_description/lib/python3.12/site-packages:${PYTHONPATH} /usr/bin/python3 -W ignore:setup.py install is deprecated -W ignore:easy_install command is deprecated setup.py develop --editable --build-directory /home/xdblackout/Dev/DesmitificandoRobotica/proyecto_ws/build/robot_description/build --no-deps symlink_data
[5.108s] INFO:colcon.colcon_core.shell:Creating environment descriptor '/home/xdblackout/Dev/DesmitificandoRobotica/proyecto_ws/build/robot_description/share/robot_description/hook/pythonpath_develop.dsv'
[5.108s] INFO:colcon.colcon_core.shell:Creating environment hook '/home/xdblackout/Dev/DesmitificandoRobotica/proyecto_ws/build/robot_description/share/robot_description/hook/pythonpath_develop.sh'
[5.109s] Level 1:colcon.colcon_core.environment:checking '/home/xdblackout/Dev/DesmitificandoRobotica/proyecto_ws/install/robot_description' for CMake module files
[5.109s] Level 1:colcon.colcon_core.environment:checking '/home/xdblackout/Dev/DesmitificandoRobotica/proyecto_ws/install/robot_description' for CMake config files
[5.110s] Level 1:colcon.colcon_core.environment:checking '/home/xdblackout/Dev/DesmitificandoRobotica/proyecto_ws/install/robot_description/lib'
[5.110s] Level 1:colcon.colcon_core.environment:checking '/home/xdblackout/Dev/DesmitificandoRobotica/proyecto_ws/install/robot_description/bin'
[5.110s] Level 1:colcon.colcon_core.environment:checking '/home/xdblackout/Dev/DesmitificandoRobotica/proyecto_ws/install/robot_description/lib/pkgconfig/robot_description.pc'
[5.110s] Level 1:colcon.colcon_core.environment:checking '/home/xdblackout/Dev/DesmitificandoRobotica/proyecto_ws/install/robot_description/lib/python3.12/site-packages'
[5.110s] Level 1:colcon.colcon_core.shell:create_environment_hook('robot_description', 'pythonpath')
[5.110s] INFO:colcon.colcon_core.shell:Creating environment hook '/home/xdblackout/Dev/DesmitificandoRobotica/proyecto_ws/install/robot_description/share/robot_description/hook/pythonpath.ps1'
[5.111s] INFO:colcon.colcon_core.shell:Creating environment descriptor '/home/xdblackout/Dev/DesmitificandoRobotica/proyecto_ws/install/robot_description/share/robot_description/hook/pythonpath.dsv'
[5.111s] INFO:colcon.colcon_core.shell:Creating environment hook '/home/xdblackout/Dev/DesmitificandoRobotica/proyecto_ws/install/robot_description/share/robot_description/hook/pythonpath.sh'
[5.112s] Level 1:colcon.colcon_core.environment:checking '/home/xdblackout/Dev/DesmitificandoRobotica/proyecto_ws/install/robot_description/bin'
[5.113s] Level 1:colcon.colcon_core.environment:create_environment_scripts_only(robot_description)
[5.113s] INFO:colcon.colcon_core.shell:Creating package script '/home/xdblackout/Dev/DesmitificandoRobotica/proyecto_ws/install/robot_description/share/robot_description/package.ps1'
[5.114s] INFO:colcon.colcon_core.shell:Creating package descriptor '/home/xdblackout/Dev/DesmitificandoRobotica/proyecto_ws/install/robot_description/share/robot_description/package.dsv'
[5.115s] INFO:colcon.colcon_core.shell:Creating package script '/home/xdblackout/Dev/DesmitificandoRobotica/proyecto_ws/install/robot_description/share/robot_description/package.sh'
[5.116s] INFO:colcon.colcon_core.shell:Creating package script '/home/xdblackout/Dev/DesmitificandoRobotica/proyecto_ws/install/robot_description/share/robot_description/package.bash'
[5.117s] INFO:colcon.colcon_core.shell:Creating package script '/home/xdblackout/Dev/DesmitificandoRobotica/proyecto_ws/install/robot_description/share/robot_description/package.zsh'
[5.117s] Level 1:colcon.colcon_core.environment:create_file_with_runtime_dependencies(/home/xdblackout/Dev/DesmitificandoRobotica/proyecto_ws/install/robot_description/share/colcon-core/packages/robot_description)
[5.118s] Level 1:colcon.colcon_core.shell:create_environment_hook('robot_kinematics', 'pythonpath_develop')
[5.118s] INFO:colcon.colcon_core.shell:Creating environment hook '/home/xdblackout/Dev/DesmitificandoRobotica/proyecto_ws/build/robot_kinematics/share/robot_kinematics/hook/pythonpath_develop.ps1'
[5.119s] DEBUG:colcon.colcon_core.event_handler.log_command:Invoked command in '/home/xdblackout/Dev/DesmitificandoRobotica/proyecto_ws/build/robot_kinematics' returned '0': DEBUGINFOD_URLS=https://debuginfod.ubuntu.com PYTHONPATH=/home/xdblackout/Dev/DesmitificandoRobotica/proyecto_ws/build/robot_kinematics/prefix_override:/usr/lib/python3/dist-packages/colcon_core/task/python/colcon_distutils_commands:/home/xdblackout/Dev/DesmitificandoRobotica/proyecto_ws/install/robot_kinematics/lib/python3.12/site-packages:${PYTHONPATH} /usr/bin/python3 -W ignore:setup.py install is deprecated -W ignore:easy_install command is deprecated setup.py develop --editable --build-directory /home/xdblackout/Dev/DesmitificandoRobotica/proyecto_ws/build/robot_kinematics/build --no-deps symlink_data
[5.120s] INFO:colcon.colcon_core.shell:Creating environment descriptor '/home/xdblackout/Dev/DesmitificandoRobotica/proyecto_ws/build/robot_kinematics/share/robot_kinematics/hook/pythonpath_develop.dsv'
[5.121s] INFO:colcon.colcon_core.shell:Creating environment hook '/home/xdblackout/Dev/DesmitificandoRobotica/proyecto_ws/build/robot_kinematics/share/robot_kinematics/hook/pythonpath_develop.sh'
[5.121s] Level 1:colcon.colcon_core.environment:checking '/home/xdblackout/Dev/DesmitificandoRobotica/proyecto_ws/install/robot_kinematics' for CMake module files
[5.122s] Level 1:colcon.colcon_core.environment:checking '/home/xdblackout/Dev/DesmitificandoRobotica/proyecto_ws/install/robot_kinematics' for CMake config files
[5.123s] Level 1:colcon.colcon_core.environment:checking '/home/xdblackout/Dev/DesmitificandoRobotica/proyecto_ws/install/robot_kinematics/lib'
[5.123s] Level 1:colcon.colcon_core.environment:checking '/home/xdblackout/Dev/DesmitificandoRobotica/proyecto_ws/install/robot_kinematics/bin'
[5.124s] Level 1:colcon.colcon_core.environment:checking '/home/xdblackout/Dev/DesmitificandoRobotica/proyecto_ws/install/robot_kinematics/lib/pkgconfig/robot_kinematics.pc'
[5.124s] Level 1:colcon.colcon_core.environment:checking '/home/xdblackout/Dev/DesmitificandoRobotica/proyecto_ws/install/robot_kinematics/lib/python3.12/site-packages'
[5.124s] Level 1:colcon.colcon_core.shell:create_environment_hook('robot_kinematics', 'pythonpath')
[5.124s] INFO:colcon.colcon_core.shell:Creating environment hook '/home/xdblackout/Dev/DesmitificandoRobotica/proyecto_ws/install/robot_kinematics/share/robot_kinematics/hook/pythonpath.ps1'
[5.125s] INFO:colcon.colcon_core.shell:Creating environment descriptor '/home/xdblackout/Dev/DesmitificandoRobotica/proyecto_ws/install/robot_kinematics/share/robot_kinematics/hook/pythonpath.dsv'
[5.126s] INFO:colcon.colcon_core.shell:Creating environment hook '/home/xdblackout/Dev/DesmitificandoRobotica/proyecto_ws/install/robot_kinematics/share/robot_kinematics/hook/pythonpath.sh'
[5.127s] Level 1:colcon.colcon_core.environment:checking '/home/xdblackout/Dev/DesmitificandoRobotica/proyecto_ws/install/robot_kinematics/bin'
[5.127s] Level 1:colcon.colcon_core.environment:create_environment_scripts_only(robot_kinematics)
[5.127s] INFO:colcon.colcon_core.shell:Creating package script '/home/xdblackout/Dev/DesmitificandoRobotica/proyecto_ws/install/robot_kinematics/share/robot_kinematics/package.ps1'
[5.128s] INFO:colcon.colcon_core.shell:Creating package descriptor '/home/xdblackout/Dev/DesmitificandoRobotica/proyecto_ws/install/robot_kinematics/share/robot_kinematics/package.dsv'
[5.129s] INFO:colcon.colcon_core.shell:Creating package script '/home/xdblackout/Dev/DesmitificandoRobotica/proyecto_ws/install/robot_kinematics/share/robot_kinematics/package.sh'
[5.130s] INFO:colcon.colcon_core.shell:Creating package script '/home/xdblackout/Dev/DesmitificandoRobotica/proyecto_ws/install/robot_kinematics/share/robot_kinematics/package.bash'
[5.131s] INFO:colcon.colcon_core.shell:Creating package script '/home/xdblackout/Dev/DesmitificandoRobotica/proyecto_ws/install/robot_kinematics/share/robot_kinematics/package.zsh'
[5.131s] Level 1:colcon.colcon_core.environment:create_file_with_runtime_dependencies(/home/xdblackout/Dev/DesmitificandoRobotica/proyecto_ws/install/robot_kinematics/share/colcon-core/packages/robot_kinematics)
[5.137s] Level 1:colcon.colcon_core.shell:create_environment_hook('robot_bringup', 'pythonpath_develop')
[5.137s] INFO:colcon.colcon_core.shell:Creating environment hook '/home/xdblackout/Dev/DesmitificandoRobotica/proyecto_ws/build/robot_bringup/share/robot_bringup/hook/pythonpath_develop.ps1'
[5.138s] DEBUG:colcon.colcon_core.event_handler.log_command:Invoked command in '/home/xdblackout/Dev/DesmitificandoRobotica/proyecto_ws/build/robot_bringup' returned '0': DEBUGINFOD_URLS=https://debuginfod.ubuntu.com PYTHONPATH=/home/xdblackout/Dev/DesmitificandoRobotica/proyecto_ws/build/robot_bringup/prefix_override:/usr/lib/python3/dist-packages/colcon_core/task/python/colcon_distutils_commands:/home/xdblackout/Dev/DesmitificandoRobotica/proyecto_ws/install/robot_bringup/lib/python3.12/site-packages:${PYTHONPATH} /usr/bin/python3 -W ignore:setup.py install is deprecated -W ignore:easy_install command is deprecated setup.py develop --editable --build-directory /home/xdblackout/Dev/DesmitificandoRobotica/proyecto_ws/build/robot_bringup/build --no-deps symlink_data
[5.139s] INFO:colcon.colcon_core.shell:Creating environment descriptor '/home/xdblackout/Dev/DesmitificandoRobotica/proyecto_ws/build/robot_bringup/share/robot_bringup/hook/pythonpath_develop.dsv'
[5.139s] INFO:colcon.colcon_core.shell:Creating environment hook '/home/xdblackout/Dev/DesmitificandoRobotica/proyecto_ws/build/robot_bringup/share/robot_bringup/hook/pythonpath_develop.sh'
[5.140s] Level 1:colcon.colcon_core.environment:checking '/home/xdblackout/Dev/DesmitificandoRobotica/proyecto_ws/install/robot_bringup' for CMake module files
[5.140s] Level 1:colcon.colcon_core.environment:checking '/home/xdblackout/Dev/DesmitificandoRobotica/proyecto_ws/install/robot_bringup' for CMake config files
[5.142s] Level 1:colcon.colcon_core.environment:checking '/home/xdblackout/Dev/DesmitificandoRobotica/proyecto_ws/install/robot_bringup/lib'
[5.142s] Level 1:colcon.colcon_core.environment:checking '/home/xdblackout/Dev/DesmitificandoRobotica/proyecto_ws/install/robot_bringup/bin'
[5.142s] Level 1:colcon.colcon_core.environment:checking '/home/xdblackout/Dev/DesmitificandoRobotica/proyecto_ws/install/robot_bringup/lib/pkgconfig/robot_bringup.pc'
[5.142s] Level 1:colcon.colcon_core.environment:checking '/home/xdblackout/Dev/DesmitificandoRobotica/proyecto_ws/install/robot_bringup/lib/python3.12/site-packages'
[5.142s] Level 1:colcon.colcon_core.shell:create_environment_hook('robot_bringup', 'pythonpath')
[5.143s] INFO:colcon.colcon_core.shell:Creating environment hook '/home/xdblackout/Dev/DesmitificandoRobotica/proyecto_ws/install/robot_bringup/share/robot_bringup/hook/pythonpath.ps1'
[5.144s] INFO:colcon.colcon_core.shell:Creating environment descriptor '/home/xdblackout/Dev/DesmitificandoRobotica/proyecto_ws/install/robot_bringup/share/robot_bringup/hook/pythonpath.dsv'
[5.144s] INFO:colcon.colcon_core.shell:Creating environment hook '/home/xdblackout/Dev/DesmitificandoRobotica/proyecto_ws/install/robot_bringup/share/robot_bringup/hook/pythonpath.sh'
[5.145s] Level 1:colcon.colcon_core.environment:checking '/home/xdblackout/Dev/DesmitificandoRobotica/proyecto_ws/install/robot_bringup/bin'
[5.146s] Level 1:colcon.colcon_core.environment:create_environment_scripts_only(robot_bringup)
[5.146s] INFO:colcon.colcon_core.shell:Creating package script '/home/xdblackout/Dev/DesmitificandoRobotica/proyecto_ws/install/robot_bringup/share/robot_bringup/package.ps1'
[5.147s] INFO:colcon.colcon_core.shell:Creating package descriptor '/home/xdblackout/Dev/DesmitificandoRobotica/proyecto_ws/install/robot_bringup/share/robot_bringup/package.dsv'
[5.148s] INFO:colcon.colcon_core.shell:Creating package script '/home/xdblackout/Dev/DesmitificandoRobotica/proyecto_ws/install/robot_bringup/share/robot_bringup/package.sh'
[5.149s] INFO:colcon.colcon_core.shell:Creating package script '/home/xdblackout/Dev/DesmitificandoRobotica/proyecto_ws/install/robot_bringup/share/robot_bringup/package.bash'
[5.149s] INFO:colcon.colcon_core.shell:Creating package script '/home/xdblackout/Dev/DesmitificandoRobotica/proyecto_ws/install/robot_bringup/share/robot_bringup/package.zsh'
[5.150s] Level 1:colcon.colcon_core.environment:create_file_with_runtime_dependencies(/home/xdblackout/Dev/DesmitificandoRobotica/proyecto_ws/install/robot_bringup/share/colcon-core/packages/robot_bringup)
[5.150s] DEBUG:colcon.colcon_parallel_executor.executor.parallel:closing loop
[5.151s] DEBUG:colcon.colcon_parallel_executor.executor.parallel:loop closed
[5.151s] DEBUG:colcon.colcon_parallel_executor.executor.parallel:run_until_complete finished with '0'
[5.151s] DEBUG:colcon.colcon_core.event_reactor:joining thread
[5.162s] INFO:colcon.colcon_core.plugin_system:Skipping extension 'colcon_notification.desktop_notification.terminal_notifier': Not used on non-Darwin systems
[5.162s] INFO:colcon.colcon_core.plugin_system:Skipping extension 'colcon_notification.desktop_notification.win32': Not used on non-Windows systems
[5.162s] INFO:colcon.colcon_notification.desktop_notification:Sending desktop notification using 'notify2'
[5.190s] DEBUG:colcon.colcon_core.event_reactor:joined thread
[5.191s] INFO:colcon.colcon_core.shell:Creating prefix script '/home/xdblackout/Dev/DesmitificandoRobotica/proyecto_ws/install/local_setup.ps1'
[5.192s] INFO:colcon.colcon_core.shell:Creating prefix util module '/home/xdblackout/Dev/DesmitificandoRobotica/proyecto_ws/install/_local_setup_util_ps1.py'
[5.194s] INFO:colcon.colcon_core.shell:Creating prefix chain script '/home/xdblackout/Dev/DesmitificandoRobotica/proyecto_ws/install/setup.ps1'
[5.196s] INFO:colcon.colcon_core.shell:Creating prefix script '/home/xdblackout/Dev/DesmitificandoRobotica/proyecto_ws/install/local_setup.sh'
[5.197s] INFO:colcon.colcon_core.shell:Creating prefix util module '/home/xdblackout/Dev/DesmitificandoRobotica/proyecto_ws/install/_local_setup_util_sh.py'
[5.198s] INFO:colcon.colcon_core.shell:Creating prefix chain script '/home/xdblackout/Dev/DesmitificandoRobotica/proyecto_ws/install/setup.sh'
[5.200s] INFO:colcon.colcon_core.shell:Creating prefix script '/home/xdblackout/Dev/DesmitificandoRobotica/proyecto_ws/install/local_setup.bash'
[5.201s] INFO:colcon.colcon_core.shell:Creating prefix chain script '/home/xdblackout/Dev/DesmitificandoRobotica/proyecto_ws/install/setup.bash'
[5.203s] INFO:colcon.colcon_core.shell:Creating prefix script '/home/xdblackout/Dev/DesmitificandoRobotica/proyecto_ws/install/local_setup.zsh'
[5.203s] INFO:colcon.colcon_core.shell:Creating prefix chain script '/home/xdblackout/Dev/DesmitificandoRobotica/proyecto_ws/install/setup.zsh'
