[0.076s] DEBUG:colcon:Command line arguments: ['/usr/bin/colcon', 'build', '--symlink-install']
[0.076s] DEBUG:colcon:Parsed command line arguments: Namespace(log_base=None, log_level=None, verb_name='build', build_base='build', install_base='install', merge_install=False, symlink_install=True, test_result_base=None, continue_on_error=False, executor='parallel', parallel_workers=16, event_handlers=None, ignore_user_meta=False, metas=['./colcon.meta'], base_paths=['.'], packages_ignore=None, packages_ignore_regex=None, paths=None, packages_up_to=None, packages_up_to_regex=None, packages_above=None, packages_above_and_dependencies=None, packages_above_depth=None, packages_select_by_dep=None, packages_skip_by_dep=None, packages_skip_up_to=None, packages_select_build_failed=False, packages_skip_build_finished=False, packages_select_test_failures=False, packages_skip_test_passed=False, packages_select=None, packages_skip=None, packages_select_regex=None, packages_skip_regex=None, packages_start=None, packages_end=None, allow_overriding=[], cmake_args=None, cmake_target=None, cmake_target_skip_unavailable=False, cmake_clean_cache=False, cmake_clean_first=False, cmake_force_configure=False, ament_cmake_args=None, catkin_cmake_args=None, catkin_skip_building_tests=False, mixin_files=None, mixin=None, verb_parser=<colcon_mixin.mixin.mixin_argument.MixinArgumentDecorator object at 0x7a29ec2b8500>, verb_extension=<colcon_core.verb.build.BuildVerb object at 0x7a29ec2b8110>, main=<bound method BuildVerb.main of <colcon_core.verb.build.BuildVerb object at 0x7a29ec2b8110>>, mixin_verb=('build',))
[0.107s] Level 1:colcon.colcon_core.package_discovery:discover_packages(colcon_meta) check parameters
[0.107s] Level 1:colcon.colcon_core.package_discovery:discover_packages(recursive) check parameters
[0.107s] Level 1:colcon.colcon_core.package_discovery:discover_packages(ignore) check parameters
[0.108s] Level 1:colcon.colcon_core.package_discovery:discover_packages(path) check parameters
[0.108s] Level 1:colcon.colcon_core.package_discovery:discover_packages(colcon_meta) discover
[0.108s] Level 1:colcon.colcon_core.package_discovery:discover_packages(recursive) discover
[0.108s] INFO:colcon.colcon_core.package_discovery:Crawling recursively for packages in '/home/xdblackout/Dev/DesmitificandoRobotica/proyecto_ws'
[0.108s] Level 1:colcon.colcon_core.package_identification:_identify(.) by extensions ['ignore', 'ignore_ament_install']
[0.108s] Level 1:colcon.colcon_core.package_identification:_identify(.) by extension 'ignore'
[0.108s] Level 1:colcon.colcon_core.package_identification:_identify(.) by extension 'ignore_ament_install'
[0.108s] Level 1:colcon.colcon_core.package_identification:_identify(.) by extensions ['colcon_pkg']
[0.108s] Level 1:colcon.colcon_core.package_identification:_identify(.) by extension 'colcon_pkg'
[0.108s] Level 1:colcon.colcon_core.package_identification:_identify(.) by extensions ['colcon_meta']
[0.108s] Level 1:colcon.colcon_core.package_identification:_identify(.) by extension 'colcon_meta'
[0.108s] Level 1:colcon.colcon_core.package_identification:_identify(.) by extensions ['ros']
[0.108s] Level 1:colcon.colcon_core.package_identification:_identify(.) by extension 'ros'
[0.124s] Level 1:colcon.colcon_core.package_identification:_identify(.) by extensions ['cmake', 'python']
[0.124s] Level 1:colcon.colcon_core.package_identification:_identify(.) by extension 'cmake'
[0.124s] Level 1:colcon.colcon_core.package_identification:_identify(.) by extension 'python'
[0.124s] Level 1:colcon.colcon_core.package_identification:_identify(.) by extensions ['python_setup_py']
[0.124s] Level 1:colcon.colcon_core.package_identification:_identify(.) by extension 'python_setup_py'
[0.124s] Level 1:colcon.colcon_core.package_identification:_identify(build) by extensions ['ignore', 'ignore_ament_install']
[0.124s] Level 1:colcon.colcon_core.package_identification:_identify(build) by extension 'ignore'
[0.124s] Level 1:colcon.colcon_core.package_identification:_identify(build) ignored
[0.124s] Level 1:colcon.colcon_core.package_identification:_identify(install) by extensions ['ignore', 'ignore_ament_install']
[0.124s] Level 1:colcon.colcon_core.package_identification:_identify(install) by extension 'ignore'
[0.124s] Level 1:colcon.colcon_core.package_identification:_identify(install) ignored
[0.125s] Level 1:colcon.colcon_core.package_identification:_identify(log) by extensions ['ignore', 'ignore_ament_install']
[0.125s] Level 1:colcon.colcon_core.package_identification:_identify(log) by extension 'ignore'
[0.125s] Level 1:colcon.colcon_core.package_identification:_identify(log) ignored
[0.125s] Level 1:colcon.colcon_core.package_identification:_identify(src) by extensions ['ignore', 'ignore_ament_install']
[0.125s] Level 1:colcon.colcon_core.package_identification:_identify(src) by extension 'ignore'
[0.125s] Level 1:colcon.colcon_core.package_identification:_identify(src) by extension 'ignore_ament_install'
[0.125s] Level 1:colcon.colcon_core.package_identification:_identify(src) by extensions ['colcon_pkg']
[0.125s] Level 1:colcon.colcon_core.package_identification:_identify(src) by extension 'colcon_pkg'
[0.125s] Level 1:colcon.colcon_core.package_identification:_identify(src) by extensions ['colcon_meta']
[0.125s] Level 1:colcon.colcon_core.package_identification:_identify(src) by extension 'colcon_meta'
[0.125s] Level 1:colcon.colcon_core.package_identification:_identify(src) by extensions ['ros']
[0.125s] Level 1:colcon.colcon_core.package_identification:_identify(src) by extension 'ros'
[0.125s] Level 1:colcon.colcon_core.package_identification:_identify(src) by extensions ['cmake', 'python']
[0.125s] Level 1:colcon.colcon_core.package_identification:_identify(src) by extension 'cmake'
[0.125s] Level 1:colcon.colcon_core.package_identification:_identify(src) by extension 'python'
[0.125s] Level 1:colcon.colcon_core.package_identification:_identify(src) by extensions ['python_setup_py']
[0.125s] Level 1:colcon.colcon_core.package_identification:_identify(src) by extension 'python_setup_py'
[0.125s] Level 1:colcon.colcon_core.package_identification:_identify(src/robot_bringup) by extensions ['ignore', 'ignore_ament_install']
[0.125s] Level 1:colcon.colcon_core.package_identification:_identify(src/robot_bringup) by extension 'ignore'
[0.125s] Level 1:colcon.colcon_core.package_identification:_identify(src/robot_bringup) by extension 'ignore_ament_install'
[0.125s] Level 1:colcon.colcon_core.package_identification:_identify(src/robot_bringup) by extensions ['colcon_pkg']
[0.125s] Level 1:colcon.colcon_core.package_identification:_identify(src/robot_bringup) by extension 'colcon_pkg'
[0.125s] Level 1:colcon.colcon_core.package_identification:_identify(src/robot_bringup) by extensions ['colcon_meta']
[0.125s] Level 1:colcon.colcon_core.package_identification:_identify(src/robot_bringup) by extension 'colcon_meta'
[0.125s] Level 1:colcon.colcon_core.package_identification:_identify(src/robot_bringup) by extensions ['ros']
[0.125s] Level 1:colcon.colcon_core.package_identification:_identify(src/robot_bringup) by extension 'ros'
[0.127s] DEBUG:colcon.colcon_core.package_identification:Package 'src/robot_bringup' with type 'ros.ament_python' and name 'robot_bringup'
[0.127s] Level 1:colcon.colcon_core.package_identification:_identify(src/robot_description) by extensions ['ignore', 'ignore_ament_install']
[0.127s] Level 1:colcon.colcon_core.package_identification:_identify(src/robot_description) by extension 'ignore'
[0.127s] Level 1:colcon.colcon_core.package_identification:_identify(src/robot_description) by extension 'ignore_ament_install'
[0.127s] Level 1:colcon.colcon_core.package_identification:_identify(src/robot_description) by extensions ['colcon_pkg']
[0.127s] Level 1:colcon.colcon_core.package_identification:_identify(src/robot_description) by extension 'colcon_pkg'
[0.127s] Level 1:colcon.colcon_core.package_identification:_identify(src/robot_description) by extensions ['colcon_meta']
[0.127s] Level 1:colcon.colcon_core.package_identification:_identify(src/robot_description) by extension 'colcon_meta'
[0.127s] Level 1:colcon.colcon_core.package_identification:_identify(src/robot_description) by extensions ['ros']
[0.127s] Level 1:colcon.colcon_core.package_identification:_identify(src/robot_description) by extension 'ros'
[0.127s] DEBUG:colcon.colcon_core.package_identification:Package 'src/robot_description' with type 'ros.ament_python' and name 'robot_description'
[0.127s] Level 1:colcon.colcon_core.package_identification:_identify(src/robot_hardware) by extensions ['ignore', 'ignore_ament_install']
[0.128s] Level 1:colcon.colcon_core.package_identification:_identify(src/robot_hardware) by extension 'ignore'
[0.128s] Level 1:colcon.colcon_core.package_identification:_identify(src/robot_hardware) by extension 'ignore_ament_install'
[0.128s] Level 1:colcon.colcon_core.package_identification:_identify(src/robot_hardware) by extensions ['colcon_pkg']
[0.128s] Level 1:colcon.colcon_core.package_identification:_identify(src/robot_hardware) by extension 'colcon_pkg'
[0.128s] Level 1:colcon.colcon_core.package_identification:_identify(src/robot_hardware) by extensions ['colcon_meta']
[0.128s] Level 1:colcon.colcon_core.package_identification:_identify(src/robot_hardware) by extension 'colcon_meta'
[0.128s] Level 1:colcon.colcon_core.package_identification:_identify(src/robot_hardware) by extensions ['ros']
[0.128s] Level 1:colcon.colcon_core.package_identification:_identify(src/robot_hardware) by extension 'ros'
[0.128s] DEBUG:colcon.colcon_core.package_identification:Package 'src/robot_hardware' with type 'ros.ament_python' and name 'robot_hardware'
[0.128s] Level 1:colcon.colcon_core.package_identification:_identify(src/robot_kinematics) by extensions ['ignore', 'ignore_ament_install']
[0.128s] Level 1:colcon.colcon_core.package_identification:_identify(src/robot_kinematics) by extension 'ignore'
[0.128s] Level 1:colcon.colcon_core.package_identification:_identify(src/robot_kinematics) by extension 'ignore_ament_install'
[0.128s] Level 1:colcon.colcon_core.package_identification:_identify(src/robot_kinematics) by extensions ['colcon_pkg']
[0.128s] Level 1:colcon.colcon_core.package_identification:_identify(src/robot_kinematics) by extension 'colcon_pkg'
[0.128s] Level 1:colcon.colcon_core.package_identification:_identify(src/robot_kinematics) by extensions ['colcon_meta']
[0.128s] Level 1:colcon.colcon_core.package_identification:_identify(src/robot_kinematics) by extension 'colcon_meta'
[0.128s] Level 1:colcon.colcon_core.package_identification:_identify(src/robot_kinematics) by extensions ['ros']
[0.128s] Level 1:colcon.colcon_core.package_identification:_identify(src/robot_kinematics) by extension 'ros'
[0.129s] DEBUG:colcon.colcon_core.package_identification:Package 'src/robot_kinematics' with type 'ros.ament_python' and name 'robot_kinematics'
[0.129s] Level 1:colcon.colcon_core.package_discovery:discover_packages(recursive) using defaults
[0.129s] Level 1:colcon.colcon_core.package_discovery:discover_packages(ignore) discover
[0.129s] Level 1:colcon.colcon_core.package_discovery:discover_packages(ignore) using defaults
[0.129s] Level 1:colcon.colcon_core.package_discovery:discover_packages(path) discover
[0.129s] Level 1:colcon.colcon_core.package_discovery:discover_packages(path) using defaults
[0.141s] Level 1:colcon.colcon_core.package_discovery:discover_packages(prefix_path) check parameters
[0.141s] Level 1:colcon.colcon_core.package_discovery:discover_packages(prefix_path) discover
[0.143s] DEBUG:colcon.colcon_installed_package_information.package_discovery:Found 292 installed packages in /opt/ros/jazzy
[0.144s] Level 1:colcon.colcon_core.package_discovery:discover_packages(prefix_path) using defaults
[0.166s] Level 5:colcon.colcon_core.verb:set package 'robot_bringup' build argument 'cmake_args' from command line to 'None'
[0.166s] Level 5:colcon.colcon_core.verb:set package 'robot_bringup' build argument 'cmake_target' from command line to 'None'
[0.166s] Level 5:colcon.colcon_core.verb:set package 'robot_bringup' build argument 'cmake_target_skip_unavailable' from command line to 'False'
[0.166s] Level 5:colcon.colcon_core.verb:set package 'robot_bringup' build argument 'cmake_clean_cache' from command line to 'False'
[0.166s] Level 5:colcon.colcon_core.verb:set package 'robot_bringup' build argument 'cmake_clean_first' from command line to 'False'
[0.166s] Level 5:colcon.colcon_core.verb:set package 'robot_bringup' build argument 'cmake_force_configure' from command line to 'False'
[0.166s] Level 5:colcon.colcon_core.verb:set package 'robot_bringup' build argument 'ament_cmake_args' from command line to 'None'
[0.166s] Level 5:colcon.colcon_core.verb:set package 'robot_bringup' build argument 'catkin_cmake_args' from command line to 'None'
[0.166s] Level 5:colcon.colcon_core.verb:set package 'robot_bringup' build argument 'catkin_skip_building_tests' from command line to 'False'
[0.166s] DEBUG:colcon.colcon_core.verb:Building package 'robot_bringup' with the following arguments: {'ament_cmake_args': None, 'build_base': '/home/xdblackout/Dev/DesmitificandoRobotica/proyecto_ws/build/robot_bringup', 'catkin_cmake_args': None, 'catkin_skip_building_tests': False, 'cmake_args': None, 'cmake_clean_cache': False, 'cmake_clean_first': False, 'cmake_force_configure': False, 'cmake_target': None, 'cmake_target_skip_unavailable': False, 'install_base': '/home/xdblackout/Dev/DesmitificandoRobotica/proyecto_ws/install/robot_bringup', 'merge_install': False, 'path': '/home/xdblackout/Dev/DesmitificandoRobotica/proyecto_ws/src/robot_bringup', 'symlink_install': True, 'test_result_base': None}
[0.167s] Level 5:colcon.colcon_core.verb:set package 'robot_description' build argument 'cmake_args' from command line to 'None'
[0.167s] Level 5:colcon.colcon_core.verb:set package 'robot_description' build argument 'cmake_target' from command line to 'None'
[0.167s] Level 5:colcon.colcon_core.verb:set package 'robot_description' build argument 'cmake_target_skip_unavailable' from command line to 'False'
[0.167s] Level 5:colcon.colcon_core.verb:set package 'robot_description' build argument 'cmake_clean_cache' from command line to 'False'
[0.167s] Level 5:colcon.colcon_core.verb:set package 'robot_description' build argument 'cmake_clean_first' from command line to 'False'
[0.167s] Level 5:colcon.colcon_core.verb:set package 'robot_description' build argument 'cmake_force_configure' from command line to 'False'
[0.167s] Level 5:colcon.colcon_core.verb:set package 'robot_description' build argument 'ament_cmake_args' from command line to 'None'
[0.167s] Level 5:colcon.colcon_core.verb:set package 'robot_description' build argument 'catkin_cmake_args' from command line to 'None'
[0.167s] Level 5:colcon.colcon_core.verb:set package 'robot_description' build argument 'catkin_skip_building_tests' from command line to 'False'
[0.167s] DEBUG:colcon.colcon_core.verb:Building package 'robot_description' with the following arguments: {'ament_cmake_args': None, 'build_base': '/home/xdblackout/Dev/DesmitificandoRobotica/proyecto_ws/build/robot_description', 'catkin_cmake_args': None, 'catkin_skip_building_tests': False, 'cmake_args': None, 'cmake_clean_cache': False, 'cmake_clean_first': False, 'cmake_force_configure': False, 'cmake_target': None, 'cmake_target_skip_unavailable': False, 'install_base': '/home/xdblackout/Dev/DesmitificandoRobotica/proyecto_ws/install/robot_description', 'merge_install': False, 'path': '/home/xdblackout/Dev/DesmitificandoRobotica/proyecto_ws/src/robot_description', 'symlink_install': True, 'test_result_base': None}
[0.167s] Level 5:colcon.colcon_core.verb:set package 'robot_hardware' build argument 'cmake_args' from command line to 'None'
[0.167s] Level 5:colcon.colcon_core.verb:set package 'robot_hardware' build argument 'cmake_target' from command line to 'None'
[0.167s] Level 5:colcon.colcon_core.verb:set package 'robot_hardware' build argument 'cmake_target_skip_unavailable' from command line to 'False'
[0.167s] Level 5:colcon.colcon_core.verb:set package 'robot_hardware' build argument 'cmake_clean_cache' from command line to 'False'
[0.167s] Level 5:colcon.colcon_core.verb:set package 'robot_hardware' build argument 'cmake_clean_first' from command line to 'False'
[0.167s] Level 5:colcon.colcon_core.verb:set package 'robot_hardware' build argument 'cmake_force_configure' from command line to 'False'
[0.167s] Level 5:colcon.colcon_core.verb:set package 'robot_hardware' build argument 'ament_cmake_args' from command line to 'None'
[0.167s] Level 5:colcon.colcon_core.verb:set package 'robot_hardware' build argument 'catkin_cmake_args' from command line to 'None'
[0.167s] Level 5:colcon.colcon_core.verb:set package 'robot_hardware' build argument 'catkin_skip_building_tests' from command line to 'False'
[0.167s] DEBUG:colcon.colcon_core.verb:Building package 'robot_hardware' with the following arguments: {'ament_cmake_args': None, 'build_base': '/home/xdblackout/Dev/DesmitificandoRobotica/proyecto_ws/build/robot_hardware', 'catkin_cmake_args': None, 'catkin_skip_building_tests': False, 'cmake_args': None, 'cmake_clean_cache': False, 'cmake_clean_first': False, 'cmake_force_configure': False, 'cmake_target': None, 'cmake_target_skip_unavailable': False, 'install_base': '/home/xdblackout/Dev/DesmitificandoRobotica/proyecto_ws/install/robot_hardware', 'merge_install': False, 'path': '/home/xdblackout/Dev/DesmitificandoRobotica/proyecto_ws/src/robot_hardware', 'symlink_install': True, 'test_result_base': None}
[0.167s] Level 5:colcon.colcon_core.verb:set package 'robot_kinematics' build argument 'cmake_args' from command line to 'None'
[0.167s] Level 5:colcon.colcon_core.verb:set package 'robot_kinematics' build argument 'cmake_target' from command line to 'None'
[0.167s] Level 5:colcon.colcon_core.verb:set package 'robot_kinematics' build argument 'cmake_target_skip_unavailable' from command line to 'False'
[0.167s] Level 5:colcon.colcon_core.verb:set package 'robot_kinematics' build argument 'cmake_clean_cache' from command line to 'False'
[0.167s] Level 5:colcon.colcon_core.verb:set package 'robot_kinematics' build argument 'cmake_clean_first' from command line to 'False'
[0.167s] Level 5:colcon.colcon_core.verb:set package 'robot_kinematics' build argument 'cmake_force_configure' from command line to 'False'
[0.167s] Level 5:colcon.colcon_core.verb:set package 'robot_kinematics' build argument 'ament_cmake_args' from command line to 'None'
[0.167s] Level 5:colcon.colcon_core.verb:set package 'robot_kinematics' build argument 'catkin_cmake_args' from command line to 'None'
[0.167s] Level 5:colcon.colcon_core.verb:set package 'robot_kinematics' build argument 'catkin_skip_building_tests' from command line to 'False'
[0.167s] DEBUG:colcon.colcon_core.verb:Building package 'robot_kinematics' with the following arguments: {'ament_cmake_args': None, 'build_base': '/home/xdblackout/Dev/DesmitificandoRobotica/proyecto_ws/build/robot_kinematics', 'catkin_cmake_args': None, 'catkin_skip_building_tests': False, 'cmake_args': None, 'cmake_clean_cache': False, 'cmake_clean_first': False, 'cmake_force_configure': False, 'cmake_target': None, 'cmake_target_skip_unavailable': False, 'install_base': '/home/xdblackout/Dev/DesmitificandoRobotica/proyecto_ws/install/robot_kinematics', 'merge_install': False, 'path': '/home/xdblackout/Dev/DesmitificandoRobotica/proyecto_ws/src/robot_kinematics', 'symlink_install': True, 'test_result_base': None}
[0.167s] INFO:colcon.colcon_core.executor:Executing jobs using 'parallel' executor
[0.168s] DEBUG:colcon.colcon_parallel_executor.executor.parallel:run_until_complete
[0.168s] INFO:colcon.colcon_ros.task.ament_python.build:Building ROS package in '/home/xdblackout/Dev/DesmitificandoRobotica/proyecto_ws/src/robot_bringup' with build type 'ament_python'
[0.168s] Level 1:colcon.colcon_core.shell:create_environment_hook('robot_bringup', 'ament_prefix_path')
[0.172s] INFO:colcon.colcon_core.plugin_system:Skipping extension 'colcon_core.shell.bat': Not used on non-Windows systems
[0.172s] INFO:colcon.colcon_core.shell:Creating environment hook '/home/xdblackout/Dev/DesmitificandoRobotica/proyecto_ws/install/robot_bringup/share/robot_bringup/hook/ament_prefix_path.ps1'
[0.173s] INFO:colcon.colcon_core.shell:Creating environment descriptor '/home/xdblackout/Dev/DesmitificandoRobotica/proyecto_ws/install/robot_bringup/share/robot_bringup/hook/ament_prefix_path.dsv'
[0.173s] INFO:colcon.colcon_core.shell:Creating environment hook '/home/xdblackout/Dev/DesmitificandoRobotica/proyecto_ws/install/robot_bringup/share/robot_bringup/hook/ament_prefix_path.sh'
[0.174s] INFO:colcon.colcon_core.shell:Skip shell extension 'powershell' for command environment: Not usable outside of PowerShell
[0.174s] DEBUG:colcon.colcon_core.shell:Skip shell extension 'dsv' for command environment
[0.176s] INFO:colcon.colcon_ros.task.ament_python.build:Building ROS package in '/home/xdblackout/Dev/DesmitificandoRobotica/proyecto_ws/src/robot_description' with build type 'ament_python'
[0.176s] Level 1:colcon.colcon_core.shell:create_environment_hook('robot_description', 'ament_prefix_path')
[0.176s] INFO:colcon.colcon_core.shell:Creating environment hook '/home/xdblackout/Dev/DesmitificandoRobotica/proyecto_ws/install/robot_description/share/robot_description/hook/ament_prefix_path.ps1'
[0.177s] INFO:colcon.colcon_core.shell:Creating environment descriptor '/home/xdblackout/Dev/DesmitificandoRobotica/proyecto_ws/install/robot_description/share/robot_description/hook/ament_prefix_path.dsv'
[0.177s] INFO:colcon.colcon_core.shell:Creating environment hook '/home/xdblackout/Dev/DesmitificandoRobotica/proyecto_ws/install/robot_description/share/robot_description/hook/ament_prefix_path.sh'
[0.177s] INFO:colcon.colcon_core.shell:Skip shell extension 'powershell' for command environment: Not usable outside of PowerShell
[0.177s] DEBUG:colcon.colcon_core.shell:Skip shell extension 'dsv' for command environment
[0.179s] INFO:colcon.colcon_ros.task.ament_python.build:Building ROS package in '/home/xdblackout/Dev/DesmitificandoRobotica/proyecto_ws/src/robot_hardware' with build type 'ament_python'
[0.179s] Level 1:colcon.colcon_core.shell:create_environment_hook('robot_hardware', 'ament_prefix_path')
[0.180s] INFO:colcon.colcon_core.shell:Creating environment hook '/home/xdblackout/Dev/DesmitificandoRobotica/proyecto_ws/install/robot_hardware/share/robot_hardware/hook/ament_prefix_path.ps1'
[0.180s] INFO:colcon.colcon_core.shell:Creating environment descriptor '/home/xdblackout/Dev/DesmitificandoRobotica/proyecto_ws/install/robot_hardware/share/robot_hardware/hook/ament_prefix_path.dsv'
[0.180s] INFO:colcon.colcon_core.shell:Creating environment hook '/home/xdblackout/Dev/DesmitificandoRobotica/proyecto_ws/install/robot_hardware/share/robot_hardware/hook/ament_prefix_path.sh'
[0.181s] INFO:colcon.colcon_core.shell:Skip shell extension 'powershell' for command environment: Not usable outside of PowerShell
[0.181s] DEBUG:colcon.colcon_core.shell:Skip shell extension 'dsv' for command environment
[0.183s] INFO:colcon.colcon_ros.task.ament_python.build:Building ROS package in '/home/xdblackout/Dev/DesmitificandoRobotica/proyecto_ws/src/robot_kinematics' with build type 'ament_python'
[0.183s] Level 1:colcon.colcon_core.shell:create_environment_hook('robot_kinematics', 'ament_prefix_path')
[0.183s] INFO:colcon.colcon_core.shell:Creating environment hook '/home/xdblackout/Dev/DesmitificandoRobotica/proyecto_ws/install/robot_kinematics/share/robot_kinematics/hook/ament_prefix_path.ps1'
[0.183s] INFO:colcon.colcon_core.shell:Creating environment descriptor '/home/xdblackout/Dev/DesmitificandoRobotica/proyecto_ws/install/robot_kinematics/share/robot_kinematics/hook/ament_prefix_path.dsv'
[0.183s] INFO:colcon.colcon_core.shell:Creating environment hook '/home/xdblackout/Dev/DesmitificandoRobotica/proyecto_ws/install/robot_kinematics/share/robot_kinematics/hook/ament_prefix_path.sh'
[0.184s] INFO:colcon.colcon_core.shell:Skip shell extension 'powershell' for command environment: Not usable outside of PowerShell
[0.184s] DEBUG:colcon.colcon_core.shell:Skip shell extension 'dsv' for command environment
[0.316s] INFO:colcon.colcon_core.task.python.build:Building Python package in '/home/xdblackout/Dev/DesmitificandoRobotica/proyecto_ws/src/robot_bringup'
[0.317s] INFO:colcon.colcon_core.shell:Skip shell extension 'powershell' for command environment: Not usable outside of PowerShell
[0.317s] DEBUG:colcon.colcon_core.shell:Skip shell extension 'dsv' for command environment
[0.448s] INFO:colcon.colcon_core.task.python.build:Building Python package in '/home/xdblackout/Dev/DesmitificandoRobotica/proyecto_ws/src/robot_description'
[0.448s] INFO:colcon.colcon_core.shell:Skip shell extension 'powershell' for command environment: Not usable outside of PowerShell
[0.448s] DEBUG:colcon.colcon_core.shell:Skip shell extension 'dsv' for command environment
[0.586s] INFO:colcon.colcon_core.task.python.build:Building Python package in '/home/xdblackout/Dev/DesmitificandoRobotica/proyecto_ws/src/robot_hardware'
[0.587s] INFO:colcon.colcon_core.shell:Skip shell extension 'powershell' for command environment: Not usable outside of PowerShell
[0.587s] DEBUG:colcon.colcon_core.shell:Skip shell extension 'dsv' for command environment
[0.727s] INFO:colcon.colcon_core.task.python.build:Building Python package in '/home/xdblackout/Dev/DesmitificandoRobotica/proyecto_ws/src/robot_kinematics'
[0.727s] INFO:colcon.colcon_core.shell:Skip shell extension 'powershell' for command environment: Not usable outside of PowerShell
[0.727s] DEBUG:colcon.colcon_core.shell:Skip shell extension 'dsv' for command environment
[1.193s] DEBUG:colcon.colcon_core.event_handler.log_command:Invoking command in '/home/xdblackout/Dev/DesmitificandoRobotica/proyecto_ws/build/robot_description': DEBUGINFOD_URLS=https://debuginfod.ubuntu.com PYTHONPATH=/home/xdblackout/Dev/DesmitificandoRobotica/proyecto_ws/build/robot_description/prefix_override:/usr/lib/python3/dist-packages/colcon_core/task/python/colcon_distutils_commands:/home/xdblackout/Dev/DesmitificandoRobotica/proyecto_ws/install/robot_description/lib/python3.12/site-packages:${PYTHONPATH} /usr/bin/python3 -W ignore:setup.py install is deprecated -W ignore:easy_install command is deprecated setup.py develop --editable --build-directory /home/xdblackout/Dev/DesmitificandoRobotica/proyecto_ws/build/robot_description/build --no-deps symlink_data
[1.196s] DEBUG:colcon.colcon_core.event_handler.log_command:Invoking command in '/home/xdblackout/Dev/DesmitificandoRobotica/proyecto_ws/build/robot_bringup': DEBUGINFOD_URLS=https://debuginfod.ubuntu.com PYTHONPATH=/home/xdblackout/Dev/DesmitificandoRobotica/proyecto_ws/build/robot_bringup/prefix_override:/usr/lib/python3/dist-packages/colcon_core/task/python/colcon_distutils_commands:/home/xdblackout/Dev/DesmitificandoRobotica/proyecto_ws/install/robot_bringup/lib/python3.12/site-packages:${PYTHONPATH} /usr/bin/python3 -W ignore:setup.py install is deprecated -W ignore:easy_install command is deprecated setup.py develop --editable --build-directory /home/xdblackout/Dev/DesmitificandoRobotica/proyecto_ws/build/robot_bringup/build --no-deps symlink_data
[1.204s] DEBUG:colcon.colcon_core.event_handler.log_command:Invoking command in '/home/xdblackout/Dev/DesmitificandoRobotica/proyecto_ws/build/robot_kinematics': DEBUGINFOD_URLS=https://debuginfod.ubuntu.com PYTHONPATH=/home/xdblackout/Dev/DesmitificandoRobotica/proyecto_ws/build/robot_kinematics/prefix_override:/usr/lib/python3/dist-packages/colcon_core/task/python/colcon_distutils_commands:/home/xdblackout/Dev/DesmitificandoRobotica/proyecto_ws/install/robot_kinematics/lib/python3.12/site-packages:${PYTHONPATH} /usr/bin/python3 -W ignore:setup.py install is deprecated -W ignore:easy_install command is deprecated setup.py develop --editable --build-directory /home/xdblackout/Dev/DesmitificandoRobotica/proyecto_ws/build/robot_kinematics/build --no-deps symlink_data
[1.206s] DEBUG:colcon.colcon_core.event_handler.log_command:Invoking command in '/home/xdblackout/Dev/DesmitificandoRobotica/proyecto_ws/build/robot_hardware': DEBUGINFOD_URLS=https://debuginfod.ubuntu.com PYTHONPATH=/home/xdblackout/Dev/DesmitificandoRobotica/proyecto_ws/build/robot_hardware/prefix_override:/usr/lib/python3/dist-packages/colcon_core/task/python/colcon_distutils_commands:/home/xdblackout/Dev/DesmitificandoRobotica/proyecto_ws/install/robot_hardware/lib/python3.12/site-packages:${PYTHONPATH} /usr/bin/python3 -W ignore:setup.py install is deprecated -W ignore:easy_install command is deprecated setup.py develop --editable --build-directory /home/xdblackout/Dev/DesmitificandoRobotica/proyecto_ws/build/robot_hardware/build --no-deps symlink_data
[1.640s] Level 1:colcon.colcon_core.shell:create_environment_hook('robot_bringup', 'pythonpath_develop')
[1.641s] INFO:colcon.colcon_core.shell:Creating environment hook '/home/xdblackout/Dev/DesmitificandoRobotica/proyecto_ws/build/robot_bringup/share/robot_bringup/hook/pythonpath_develop.ps1'
[1.641s] DEBUG:colcon.colcon_core.event_handler.log_command:Invoked command in '/home/xdblackout/Dev/DesmitificandoRobotica/proyecto_ws/build/robot_bringup' returned '0': DEBUGINFOD_URLS=https://debuginfod.ubuntu.com PYTHONPATH=/home/xdblackout/Dev/DesmitificandoRobotica/proyecto_ws/build/robot_bringup/prefix_override:/usr/lib/python3/dist-packages/colcon_core/task/python/colcon_distutils_commands:/home/xdblackout/Dev/DesmitificandoRobotica/proyecto_ws/install/robot_bringup/lib/python3.12/site-packages:${PYTHONPATH} /usr/bin/python3 -W ignore:setup.py install is deprecated -W ignore:easy_install command is deprecated setup.py develop --editable --build-directory /home/xdblackout/Dev/DesmitificandoRobotica/proyecto_ws/build/robot_bringup/build --no-deps symlink_data
[1.642s] INFO:colcon.colcon_core.shell:Creating environment descriptor '/home/xdblackout/Dev/DesmitificandoRobotica/proyecto_ws/build/robot_bringup/share/robot_bringup/hook/pythonpath_develop.dsv'
[1.642s] INFO:colcon.colcon_core.shell:Creating environment hook '/home/xdblackout/Dev/DesmitificandoRobotica/proyecto_ws/build/robot_bringup/share/robot_bringup/hook/pythonpath_develop.sh'
[1.645s] Level 1:colcon.colcon_core.environment:checking '/home/xdblackout/Dev/DesmitificandoRobotica/proyecto_ws/install/robot_bringup' for CMake module files
[1.646s] Level 1:colcon.colcon_core.environment:checking '/home/xdblackout/Dev/DesmitificandoRobotica/proyecto_ws/install/robot_bringup' for CMake config files
[1.646s] Level 1:colcon.colcon_core.environment:checking '/home/xdblackout/Dev/DesmitificandoRobotica/proyecto_ws/install/robot_bringup/lib'
[1.646s] Level 1:colcon.colcon_core.environment:checking '/home/xdblackout/Dev/DesmitificandoRobotica/proyecto_ws/install/robot_bringup/bin'
[1.647s] Level 1:colcon.colcon_core.environment:checking '/home/xdblackout/Dev/DesmitificandoRobotica/proyecto_ws/install/robot_bringup/lib/pkgconfig/robot_bringup.pc'
[1.647s] Level 1:colcon.colcon_core.environment:checking '/home/xdblackout/Dev/DesmitificandoRobotica/proyecto_ws/install/robot_bringup/lib/python3.12/site-packages'
[1.647s] Level 1:colcon.colcon_core.shell:create_environment_hook('robot_bringup', 'pythonpath')
[1.647s] INFO:colcon.colcon_core.shell:Creating environment hook '/home/xdblackout/Dev/DesmitificandoRobotica/proyecto_ws/install/robot_bringup/share/robot_bringup/hook/pythonpath.ps1'
[1.648s] INFO:colcon.colcon_core.shell:Creating environment descriptor '/home/xdblackout/Dev/DesmitificandoRobotica/proyecto_ws/install/robot_bringup/share/robot_bringup/hook/pythonpath.dsv'
[1.648s] INFO:colcon.colcon_core.shell:Creating environment hook '/home/xdblackout/Dev/DesmitificandoRobotica/proyecto_ws/install/robot_bringup/share/robot_bringup/hook/pythonpath.sh'
[1.649s] Level 1:colcon.colcon_core.environment:checking '/home/xdblackout/Dev/DesmitificandoRobotica/proyecto_ws/install/robot_bringup/bin'
[1.649s] Level 1:colcon.colcon_core.environment:create_environment_scripts_only(robot_bringup)
[1.649s] INFO:colcon.colcon_core.shell:Creating package script '/home/xdblackout/Dev/DesmitificandoRobotica/proyecto_ws/install/robot_bringup/share/robot_bringup/package.ps1'
[1.650s] INFO:colcon.colcon_core.shell:Creating package descriptor '/home/xdblackout/Dev/DesmitificandoRobotica/proyecto_ws/install/robot_bringup/share/robot_bringup/package.dsv'
[1.651s] INFO:colcon.colcon_core.shell:Creating package script '/home/xdblackout/Dev/DesmitificandoRobotica/proyecto_ws/install/robot_bringup/share/robot_bringup/package.sh'
[1.652s] INFO:colcon.colcon_core.shell:Creating package script '/home/xdblackout/Dev/DesmitificandoRobotica/proyecto_ws/install/robot_bringup/share/robot_bringup/package.bash'
[1.653s] INFO:colcon.colcon_core.shell:Creating package script '/home/xdblackout/Dev/DesmitificandoRobotica/proyecto_ws/install/robot_bringup/share/robot_bringup/package.zsh'
[1.653s] Level 1:colcon.colcon_core.environment:create_file_with_runtime_dependencies(/home/xdblackout/Dev/DesmitificandoRobotica/proyecto_ws/install/robot_bringup/share/colcon-core/packages/robot_bringup)
[1.655s] Level 1:colcon.colcon_core.shell:create_environment_hook('robot_description', 'pythonpath_develop')
[1.655s] INFO:colcon.colcon_core.shell:Creating environment hook '/home/xdblackout/Dev/DesmitificandoRobotica/proyecto_ws/build/robot_description/share/robot_description/hook/pythonpath_develop.ps1'
[1.657s] DEBUG:colcon.colcon_core.event_handler.log_command:Invoked command in '/home/xdblackout/Dev/DesmitificandoRobotica/proyecto_ws/build/robot_description' returned '0': DEBUGINFOD_URLS=https://debuginfod.ubuntu.com PYTHONPATH=/home/xdblackout/Dev/DesmitificandoRobotica/proyecto_ws/build/robot_description/prefix_override:/usr/lib/python3/dist-packages/colcon_core/task/python/colcon_distutils_commands:/home/xdblackout/Dev/DesmitificandoRobotica/proyecto_ws/install/robot_description/lib/python3.12/site-packages:${PYTHONPATH} /usr/bin/python3 -W ignore:setup.py install is deprecated -W ignore:easy_install command is deprecated setup.py develop --editable --build-directory /home/xdblackout/Dev/DesmitificandoRobotica/proyecto_ws/build/robot_description/build --no-deps symlink_data
[1.657s] INFO:colcon.colcon_core.shell:Creating environment descriptor '/home/xdblackout/Dev/DesmitificandoRobotica/proyecto_ws/build/robot_description/share/robot_description/hook/pythonpath_develop.dsv'
[1.658s] INFO:colcon.colcon_core.shell:Creating environment hook '/home/xdblackout/Dev/DesmitificandoRobotica/proyecto_ws/build/robot_description/share/robot_description/hook/pythonpath_develop.sh'
[1.658s] Level 1:colcon.colcon_core.environment:checking '/home/xdblackout/Dev/DesmitificandoRobotica/proyecto_ws/install/robot_description' for CMake module files
[1.659s] Level 1:colcon.colcon_core.environment:checking '/home/xdblackout/Dev/DesmitificandoRobotica/proyecto_ws/install/robot_description' for CMake config files
[1.659s] Level 1:colcon.colcon_core.environment:checking '/home/xdblackout/Dev/DesmitificandoRobotica/proyecto_ws/install/robot_description/lib'
[1.659s] Level 1:colcon.colcon_core.environment:checking '/home/xdblackout/Dev/DesmitificandoRobotica/proyecto_ws/install/robot_description/bin'
[1.659s] Level 1:colcon.colcon_core.environment:checking '/home/xdblackout/Dev/DesmitificandoRobotica/proyecto_ws/install/robot_description/lib/pkgconfig/robot_description.pc'
[1.660s] Level 1:colcon.colcon_core.environment:checking '/home/xdblackout/Dev/DesmitificandoRobotica/proyecto_ws/install/robot_description/lib/python3.12/site-packages'
[1.660s] Level 1:colcon.colcon_core.shell:create_environment_hook('robot_description', 'pythonpath')
[1.660s] INFO:colcon.colcon_core.shell:Creating environment hook '/home/xdblackout/Dev/DesmitificandoRobotica/proyecto_ws/install/robot_description/share/robot_description/hook/pythonpath.ps1'
[1.660s] INFO:colcon.colcon_core.shell:Creating environment descriptor '/home/xdblackout/Dev/DesmitificandoRobotica/proyecto_ws/install/robot_description/share/robot_description/hook/pythonpath.dsv'
[1.661s] INFO:colcon.colcon_core.shell:Creating environment hook '/home/xdblackout/Dev/DesmitificandoRobotica/proyecto_ws/install/robot_description/share/robot_description/hook/pythonpath.sh'
[1.661s] Level 1:colcon.colcon_core.environment:checking '/home/xdblackout/Dev/DesmitificandoRobotica/proyecto_ws/install/robot_description/bin'
[1.662s] Level 1:colcon.colcon_core.environment:create_environment_scripts_only(robot_description)
[1.662s] INFO:colcon.colcon_core.shell:Creating package script '/home/xdblackout/Dev/DesmitificandoRobotica/proyecto_ws/install/robot_description/share/robot_description/package.ps1'
[1.662s] INFO:colcon.colcon_core.shell:Creating package descriptor '/home/xdblackout/Dev/DesmitificandoRobotica/proyecto_ws/install/robot_description/share/robot_description/package.dsv'
[1.663s] INFO:colcon.colcon_core.shell:Creating package script '/home/xdblackout/Dev/DesmitificandoRobotica/proyecto_ws/install/robot_description/share/robot_description/package.sh'
[1.663s] INFO:colcon.colcon_core.shell:Creating package script '/home/xdblackout/Dev/DesmitificandoRobotica/proyecto_ws/install/robot_description/share/robot_description/package.bash'
[1.664s] INFO:colcon.colcon_core.shell:Creating package script '/home/xdblackout/Dev/DesmitificandoRobotica/proyecto_ws/install/robot_description/share/robot_description/package.zsh'
[1.664s] Level 1:colcon.colcon_core.environment:create_file_with_runtime_dependencies(/home/xdblackout/Dev/DesmitificandoRobotica/proyecto_ws/install/robot_description/share/colcon-core/packages/robot_description)
[1.671s] Level 1:colcon.colcon_core.shell:create_environment_hook('robot_kinematics', 'pythonpath_develop')
[1.672s] INFO:colcon.colcon_core.shell:Creating environment hook '/home/xdblackout/Dev/DesmitificandoRobotica/proyecto_ws/build/robot_kinematics/share/robot_kinematics/hook/pythonpath_develop.ps1'
[1.672s] DEBUG:colcon.colcon_core.event_handler.log_command:Invoked command in '/home/xdblackout/Dev/DesmitificandoRobotica/proyecto_ws/build/robot_kinematics' returned '0': DEBUGINFOD_URLS=https://debuginfod.ubuntu.com PYTHONPATH=/home/xdblackout/Dev/DesmitificandoRobotica/proyecto_ws/build/robot_kinematics/prefix_override:/usr/lib/python3/dist-packages/colcon_core/task/python/colcon_distutils_commands:/home/xdblackout/Dev/DesmitificandoRobotica/proyecto_ws/install/robot_kinematics/lib/python3.12/site-packages:${PYTHONPATH} /usr/bin/python3 -W ignore:setup.py install is deprecated -W ignore:easy_install command is deprecated setup.py develop --editable --build-directory /home/xdblackout/Dev/DesmitificandoRobotica/proyecto_ws/build/robot_kinematics/build --no-deps symlink_data
[1.672s] INFO:colcon.colcon_core.shell:Creating environment descriptor '/home/xdblackout/Dev/DesmitificandoRobotica/proyecto_ws/build/robot_kinematics/share/robot_kinematics/hook/pythonpath_develop.dsv'
[1.673s] INFO:colcon.colcon_core.shell:Creating environment hook '/home/xdblackout/Dev/DesmitificandoRobotica/proyecto_ws/build/robot_kinematics/share/robot_kinematics/hook/pythonpath_develop.sh'
[1.673s] Level 1:colcon.colcon_core.environment:checking '/home/xdblackout/Dev/DesmitificandoRobotica/proyecto_ws/install/robot_kinematics' for CMake module files
[1.673s] Level 1:colcon.colcon_core.environment:checking '/home/xdblackout/Dev/DesmitificandoRobotica/proyecto_ws/install/robot_kinematics' for CMake config files
[1.674s] Level 1:colcon.colcon_core.environment:checking '/home/xdblackout/Dev/DesmitificandoRobotica/proyecto_ws/install/robot_kinematics/lib'
[1.674s] Level 1:colcon.colcon_core.environment:checking '/home/xdblackout/Dev/DesmitificandoRobotica/proyecto_ws/install/robot_kinematics/bin'
[1.674s] Level 1:colcon.colcon_core.environment:checking '/home/xdblackout/Dev/DesmitificandoRobotica/proyecto_ws/install/robot_kinematics/lib/pkgconfig/robot_kinematics.pc'
[1.674s] Level 1:colcon.colcon_core.environment:checking '/home/xdblackout/Dev/DesmitificandoRobotica/proyecto_ws/install/robot_kinematics/lib/python3.12/site-packages'
[1.674s] Level 1:colcon.colcon_core.shell:create_environment_hook('robot_kinematics', 'pythonpath')
[1.674s] INFO:colcon.colcon_core.shell:Creating environment hook '/home/xdblackout/Dev/DesmitificandoRobotica/proyecto_ws/install/robot_kinematics/share/robot_kinematics/hook/pythonpath.ps1'
[1.674s] INFO:colcon.colcon_core.shell:Creating environment descriptor '/home/xdblackout/Dev/DesmitificandoRobotica/proyecto_ws/install/robot_kinematics/share/robot_kinematics/hook/pythonpath.dsv'
[1.675s] INFO:colcon.colcon_core.shell:Creating environment hook '/home/xdblackout/Dev/DesmitificandoRobotica/proyecto_ws/install/robot_kinematics/share/robot_kinematics/hook/pythonpath.sh'
[1.675s] Level 1:colcon.colcon_core.environment:checking '/home/xdblackout/Dev/DesmitificandoRobotica/proyecto_ws/install/robot_kinematics/bin'
[1.675s] Level 1:colcon.colcon_core.environment:create_environment_scripts_only(robot_kinematics)
[1.675s] INFO:colcon.colcon_core.shell:Creating package script '/home/xdblackout/Dev/DesmitificandoRobotica/proyecto_ws/install/robot_kinematics/share/robot_kinematics/package.ps1'
[1.676s] INFO:colcon.colcon_core.shell:Creating package descriptor '/home/xdblackout/Dev/DesmitificandoRobotica/proyecto_ws/install/robot_kinematics/share/robot_kinematics/package.dsv'
[1.677s] INFO:colcon.colcon_core.shell:Creating package script '/home/xdblackout/Dev/DesmitificandoRobotica/proyecto_ws/install/robot_kinematics/share/robot_kinematics/package.sh'
[1.677s] INFO:colcon.colcon_core.shell:Creating package script '/home/xdblackout/Dev/DesmitificandoRobotica/proyecto_ws/install/robot_kinematics/share/robot_kinematics/package.bash'
[1.677s] INFO:colcon.colcon_core.shell:Creating package script '/home/xdblackout/Dev/DesmitificandoRobotica/proyecto_ws/install/robot_kinematics/share/robot_kinematics/package.zsh'
[1.678s] Level 1:colcon.colcon_core.environment:create_file_with_runtime_dependencies(/home/xdblackout/Dev/DesmitificandoRobotica/proyecto_ws/install/robot_kinematics/share/colcon-core/packages/robot_kinematics)
[1.678s] Level 1:colcon.colcon_core.shell:create_environment_hook('robot_hardware', 'pythonpath_develop')
[1.679s] INFO:colcon.colcon_core.shell:Creating environment hook '/home/xdblackout/Dev/DesmitificandoRobotica/proyecto_ws/build/robot_hardware/share/robot_hardware/hook/pythonpath_develop.ps1'
[1.679s] DEBUG:colcon.colcon_core.event_handler.log_command:Invoked command in '/home/xdblackout/Dev/DesmitificandoRobotica/proyecto_ws/build/robot_hardware' returned '0': DEBUGINFOD_URLS=https://debuginfod.ubuntu.com PYTHONPATH=/home/xdblackout/Dev/DesmitificandoRobotica/proyecto_ws/build/robot_hardware/prefix_override:/usr/lib/python3/dist-packages/colcon_core/task/python/colcon_distutils_commands:/home/xdblackout/Dev/DesmitificandoRobotica/proyecto_ws/install/robot_hardware/lib/python3.12/site-packages:${PYTHONPATH} /usr/bin/python3 -W ignore:setup.py install is deprecated -W ignore:easy_install command is deprecated setup.py develop --editable --build-directory /home/xdblackout/Dev/DesmitificandoRobotica/proyecto_ws/build/robot_hardware/build --no-deps symlink_data
[1.679s] INFO:colcon.colcon_core.shell:Creating environment descriptor '/home/xdblackout/Dev/DesmitificandoRobotica/proyecto_ws/build/robot_hardware/share/robot_hardware/hook/pythonpath_develop.dsv'
[1.680s] INFO:colcon.colcon_core.shell:Creating environment hook '/home/xdblackout/Dev/DesmitificandoRobotica/proyecto_ws/build/robot_hardware/share/robot_hardware/hook/pythonpath_develop.sh'
[1.680s] Level 1:colcon.colcon_core.environment:checking '/home/xdblackout/Dev/DesmitificandoRobotica/proyecto_ws/install/robot_hardware' for CMake module files
[1.680s] Level 1:colcon.colcon_core.environment:checking '/home/xdblackout/Dev/DesmitificandoRobotica/proyecto_ws/install/robot_hardware' for CMake config files
[1.681s] Level 1:colcon.colcon_core.environment:checking '/home/xdblackout/Dev/DesmitificandoRobotica/proyecto_ws/install/robot_hardware/lib'
[1.681s] Level 1:colcon.colcon_core.environment:checking '/home/xdblackout/Dev/DesmitificandoRobotica/proyecto_ws/install/robot_hardware/bin'
[1.681s] Level 1:colcon.colcon_core.environment:checking '/home/xdblackout/Dev/DesmitificandoRobotica/proyecto_ws/install/robot_hardware/lib/pkgconfig/robot_hardware.pc'
[1.681s] Level 1:colcon.colcon_core.environment:checking '/home/xdblackout/Dev/DesmitificandoRobotica/proyecto_ws/install/robot_hardware/lib/python3.12/site-packages'
[1.681s] Level 1:colcon.colcon_core.shell:create_environment_hook('robot_hardware', 'pythonpath')
[1.681s] INFO:colcon.colcon_core.shell:Creating environment hook '/home/xdblackout/Dev/DesmitificandoRobotica/proyecto_ws/install/robot_hardware/share/robot_hardware/hook/pythonpath.ps1'
[1.682s] INFO:colcon.colcon_core.shell:Creating environment descriptor '/home/xdblackout/Dev/DesmitificandoRobotica/proyecto_ws/install/robot_hardware/share/robot_hardware/hook/pythonpath.dsv'
[1.682s] INFO:colcon.colcon_core.shell:Creating environment hook '/home/xdblackout/Dev/DesmitificandoRobotica/proyecto_ws/install/robot_hardware/share/robot_hardware/hook/pythonpath.sh'
[1.682s] Level 1:colcon.colcon_core.environment:checking '/home/xdblackout/Dev/DesmitificandoRobotica/proyecto_ws/install/robot_hardware/bin'
[1.682s] Level 1:colcon.colcon_core.environment:create_environment_scripts_only(robot_hardware)
[1.683s] INFO:colcon.colcon_core.shell:Creating package script '/home/xdblackout/Dev/DesmitificandoRobotica/proyecto_ws/install/robot_hardware/share/robot_hardware/package.ps1'
[1.683s] INFO:colcon.colcon_core.shell:Creating package descriptor '/home/xdblackout/Dev/DesmitificandoRobotica/proyecto_ws/install/robot_hardware/share/robot_hardware/package.dsv'
[1.683s] INFO:colcon.colcon_core.shell:Creating package script '/home/xdblackout/Dev/DesmitificandoRobotica/proyecto_ws/install/robot_hardware/share/robot_hardware/package.sh'
[1.683s] INFO:colcon.colcon_core.shell:Creating package script '/home/xdblackout/Dev/DesmitificandoRobotica/proyecto_ws/install/robot_hardware/share/robot_hardware/package.bash'
[1.684s] INFO:colcon.colcon_core.shell:Creating package script '/home/xdblackout/Dev/DesmitificandoRobotica/proyecto_ws/install/robot_hardware/share/robot_hardware/package.zsh'
[1.684s] Level 1:colcon.colcon_core.environment:create_file_with_runtime_dependencies(/home/xdblackout/Dev/DesmitificandoRobotica/proyecto_ws/install/robot_hardware/share/colcon-core/packages/robot_hardware)
[1.684s] DEBUG:colcon.colcon_parallel_executor.executor.parallel:closing loop
[1.684s] DEBUG:colcon.colcon_parallel_executor.executor.parallel:loop closed
[1.684s] DEBUG:colcon.colcon_parallel_executor.executor.parallel:run_until_complete finished with '0'
[1.684s] DEBUG:colcon.colcon_core.event_reactor:joining thread
[1.689s] INFO:colcon.colcon_core.plugin_system:Skipping extension 'colcon_notification.desktop_notification.terminal_notifier': Not used on non-Darwin systems
[1.689s] INFO:colcon.colcon_core.plugin_system:Skipping extension 'colcon_notification.desktop_notification.win32': Not used on non-Windows systems
[1.689s] INFO:colcon.colcon_notification.desktop_notification:Sending desktop notification using 'notify2'
[1.708s] DEBUG:colcon.colcon_core.event_reactor:joined thread
[1.708s] INFO:colcon.colcon_core.shell:Creating prefix script '/home/xdblackout/Dev/DesmitificandoRobotica/proyecto_ws/install/local_setup.ps1'
[1.709s] INFO:colcon.colcon_core.shell:Creating prefix util module '/home/xdblackout/Dev/DesmitificandoRobotica/proyecto_ws/install/_local_setup_util_ps1.py'
[1.710s] INFO:colcon.colcon_core.shell:Creating prefix chain script '/home/xdblackout/Dev/DesmitificandoRobotica/proyecto_ws/install/setup.ps1'
[1.711s] INFO:colcon.colcon_core.shell:Creating prefix script '/home/xdblackout/Dev/DesmitificandoRobotica/proyecto_ws/install/local_setup.sh'
[1.712s] INFO:colcon.colcon_core.shell:Creating prefix util module '/home/xdblackout/Dev/DesmitificandoRobotica/proyecto_ws/install/_local_setup_util_sh.py'
[1.712s] INFO:colcon.colcon_core.shell:Creating prefix chain script '/home/xdblackout/Dev/DesmitificandoRobotica/proyecto_ws/install/setup.sh'
[1.714s] INFO:colcon.colcon_core.shell:Creating prefix script '/home/xdblackout/Dev/DesmitificandoRobotica/proyecto_ws/install/local_setup.bash'
[1.714s] INFO:colcon.colcon_core.shell:Creating prefix chain script '/home/xdblackout/Dev/DesmitificandoRobotica/proyecto_ws/install/setup.bash'
[1.715s] INFO:colcon.colcon_core.shell:Creating prefix script '/home/xdblackout/Dev/DesmitificandoRobotica/proyecto_ws/install/local_setup.zsh'
[1.715s] INFO:colcon.colcon_core.shell:Creating prefix chain script '/home/xdblackout/Dev/DesmitificandoRobotica/proyecto_ws/install/setup.zsh'
