[3.193s] Invoking command in '/home/xdblackout/Dev/DesmitificandoRobotica/proyecto_ws/build/robot_bringup': DEBUGINFOD_URLS=https://debuginfod.ubuntu.com PYTHONPATH=/home/xdblackout/Dev/DesmitificandoRobotica/proyecto_ws/build/robot_bringup/prefix_override:/usr/lib/python3/dist-packages/colcon_core/task/python/colcon_distutils_commands:/home/xdblackout/Dev/DesmitificandoRobotica/proyecto_ws/install/robot_bringup/lib/python3.12/site-packages:${PYTHONPATH} /usr/bin/python3 -W ignore:setup.py install is deprecated -W ignore:easy_install command is deprecated setup.py develop --editable --build-directory /home/xdblackout/Dev/DesmitificandoRobotica/proyecto_ws/build/robot_bringup/build --no-deps symlink_data
[3.921s] running develop
[4.386s] running egg_info
[4.386s] creating robot_bringup.egg-info
[4.431s] writing robot_bringup.egg-info/PKG-INFO
[4.432s] writing dependency_links to robot_bringup.egg-info/dependency_links.txt
[4.432s] writing requirements to robot_bringup.egg-info/requires.txt
[4.432s] writing top-level names to robot_bringup.egg-info/top_level.txt
[4.432s] writing manifest file 'robot_bringup.egg-info/SOURCES.txt'
[4.522s] reading manifest file 'robot_bringup.egg-info/SOURCES.txt'
[4.523s] writing manifest file 'robot_bringup.egg-info/SOURCES.txt'
[4.572s] running build_ext
[4.573s] Creating /home/xdblackout/Dev/DesmitificandoRobotica/proyecto_ws/install/robot_bringup/lib/python3.12/site-packages/robot-bringup.egg-link (link to .)
[4.574s] 
[4.574s] Installed /home/xdblackout/Dev/DesmitificandoRobotica/proyecto_ws/build/robot_bringup
[4.574s] running symlink_data
[4.574s] creating /home/xdblackout/Dev/DesmitificandoRobotica/proyecto_ws/install/robot_bringup/share/ament_index
[4.574s] creating /home/xdblackout/Dev/DesmitificandoRobotica/proyecto_ws/install/robot_bringup/share/ament_index/resource_index
[4.575s] creating /home/xdblackout/Dev/DesmitificandoRobotica/proyecto_ws/install/robot_bringup/share/ament_index/resource_index/packages
[4.575s] symbolically linking /home/xdblackout/Dev/DesmitificandoRobotica/proyecto_ws/build/robot_bringup/resource/robot_bringup -> /home/xdblackout/Dev/DesmitificandoRobotica/proyecto_ws/install/robot_bringup/share/ament_index/resource_index/packages
[4.575s] symbolically linking /home/xdblackout/Dev/DesmitificandoRobotica/proyecto_ws/build/robot_bringup/package.xml -> /home/xdblackout/Dev/DesmitificandoRobotica/proyecto_ws/install/robot_bringup/share/robot_bringup
[4.575s] creating /home/xdblackout/Dev/DesmitificandoRobotica/proyecto_ws/install/robot_bringup/share/robot_bringup/launch
[4.575s] symbolically linking /home/xdblackout/Dev/DesmitificandoRobotica/proyecto_ws/build/robot_bringup/launch/rviz_bringup.launch.py -> /home/xdblackout/Dev/DesmitificandoRobotica/proyecto_ws/install/robot_bringup/share/robot_bringup/launch
[4.575s] symbolically linking /home/xdblackout/Dev/DesmitificandoRobotica/proyecto_ws/build/robot_bringup/launch/trajectory_bringup.launch.py -> /home/xdblackout/Dev/DesmitificandoRobotica/proyecto_ws/install/robot_bringup/share/robot_bringup/launch
[4.641s] Invoked command in '/home/xdblackout/Dev/DesmitificandoRobotica/proyecto_ws/build/robot_bringup' returned '0': DEBUGINFOD_URLS=https://debuginfod.ubuntu.com PYTHONPATH=/home/xdblackout/Dev/DesmitificandoRobotica/proyecto_ws/build/robot_bringup/prefix_override:/usr/lib/python3/dist-packages/colcon_core/task/python/colcon_distutils_commands:/home/xdblackout/Dev/DesmitificandoRobotica/proyecto_ws/install/robot_bringup/lib/python3.12/site-packages:${PYTHONPATH} /usr/bin/python3 -W ignore:setup.py install is deprecated -W ignore:easy_install command is deprecated setup.py develop --editable --build-directory /home/xdblackout/Dev/DesmitificandoRobotica/proyecto_ws/build/robot_bringup/build --no-deps symlink_data
