[1.024s] Invoking command in '/home/xdblackout/Dev/DesmitificandoRobotica/proyecto_ws/src/robot_kinematics': DEBUGINFOD_URLS=https://debuginfod.ubuntu.com PYTHONPATH=/home/xdblackout/Dev/DesmitificandoRobotica/proyecto_ws/build/robot_kinematics/prefix_override:/usr/lib/python3/dist-packages/colcon_core/task/python/colcon_distutils_commands:/home/xdblackout/Dev/DesmitificandoRobotica/proyecto_ws/install/robot_kinematics/lib/python3.12/site-packages:${PYTHONPATH} /usr/bin/python3 -W ignore:setup.py install is deprecated -W ignore:easy_install command is deprecated setup.py egg_info --egg-base ../../build/robot_kinematics build --build-base /home/xdblackout/Dev/DesmitificandoRobotica/proyecto_ws/build/robot_kinematics/build install --record /home/xdblackout/Dev/DesmitificandoRobotica/proyecto_ws/build/robot_kinematics/install.log --single-version-externally-managed install_data
[1.202s] running egg_info
[1.202s] creating ../../build/robot_kinematics/robot_kinematics.egg-info
[1.215s] writing ../../build/robot_kinematics/robot_kinematics.egg-info/PKG-INFO
[1.215s] writing dependency_links to ../../build/robot_kinematics/robot_kinematics.egg-info/dependency_links.txt
[1.215s] writing requirements to ../../build/robot_kinematics/robot_kinematics.egg-info/requires.txt
[1.215s] writing top-level names to ../../build/robot_kinematics/robot_kinematics.egg-info/top_level.txt
[1.215s] writing manifest file '../../build/robot_kinematics/robot_kinematics.egg-info/SOURCES.txt'
[1.241s] reading manifest file '../../build/robot_kinematics/robot_kinematics.egg-info/SOURCES.txt'
[1.242s] writing manifest file '../../build/robot_kinematics/robot_kinematics.egg-info/SOURCES.txt'
[1.242s] running build
[1.242s] running build_py
[1.242s] creating /home/xdblackout/Dev/DesmitificandoRobotica/proyecto_ws/build/robot_kinematics/build
[1.242s] creating /home/xdblackout/Dev/DesmitificandoRobotica/proyecto_ws/build/robot_kinematics/build/lib
[1.242s] creating /home/xdblackout/Dev/DesmitificandoRobotica/proyecto_ws/build/robot_kinematics/build/lib/robot_kinematics
[1.242s] copying robot_kinematics/__init__.py -> /home/xdblackout/Dev/DesmitificandoRobotica/proyecto_ws/build/robot_kinematics/build/lib/robot_kinematics
[1.242s] running install
[1.246s] running install_lib
[1.259s] creating /home/xdblackout/Dev/DesmitificandoRobotica/proyecto_ws/install/robot_kinematics/lib/python3.12/site-packages/robot_kinematics
[1.259s] copying /home/xdblackout/Dev/DesmitificandoRobotica/proyecto_ws/build/robot_kinematics/build/lib/robot_kinematics/__init__.py -> /home/xdblackout/Dev/DesmitificandoRobotica/proyecto_ws/install/robot_kinematics/lib/python3.12/site-packages/robot_kinematics
[1.259s] byte-compiling /home/xdblackout/Dev/DesmitificandoRobotica/proyecto_ws/install/robot_kinematics/lib/python3.12/site-packages/robot_kinematics/__init__.py to __init__.cpython-312.pyc
[1.259s] running install_data
[1.259s] creating /home/xdblackout/Dev/DesmitificandoRobotica/proyecto_ws/install/robot_kinematics/share/ament_index
[1.259s] creating /home/xdblackout/Dev/DesmitificandoRobotica/proyecto_ws/install/robot_kinematics/share/ament_index/resource_index
[1.259s] creating /home/xdblackout/Dev/DesmitificandoRobotica/proyecto_ws/install/robot_kinematics/share/ament_index/resource_index/packages
[1.259s] copying resource/robot_kinematics -> /home/xdblackout/Dev/DesmitificandoRobotica/proyecto_ws/install/robot_kinematics/share/ament_index/resource_index/packages
[1.259s] copying package.xml -> /home/xdblackout/Dev/DesmitificandoRobotica/proyecto_ws/install/robot_kinematics/share/robot_kinematics
[1.260s] running install_egg_info
[1.273s] Copying ../../build/robot_kinematics/robot_kinematics.egg-info to /home/xdblackout/Dev/DesmitificandoRobotica/proyecto_ws/install/robot_kinematics/lib/python3.12/site-packages/robot_kinematics-0.0.0-py3.12.egg-info
[1.273s] running install_scripts
[1.368s] writing list of installed files to '/home/xdblackout/Dev/DesmitificandoRobotica/proyecto_ws/build/robot_kinematics/install.log'
[1.402s] Invoked command in '/home/xdblackout/Dev/DesmitificandoRobotica/proyecto_ws/src/robot_kinematics' returned '0': DEBUGINFOD_URLS=https://debuginfod.ubuntu.com PYTHONPATH=/home/xdblackout/Dev/DesmitificandoRobotica/proyecto_ws/build/robot_kinematics/prefix_override:/usr/lib/python3/dist-packages/colcon_core/task/python/colcon_distutils_commands:/home/xdblackout/Dev/DesmitificandoRobotica/proyecto_ws/install/robot_kinematics/lib/python3.12/site-packages:${PYTHONPATH} /usr/bin/python3 -W ignore:setup.py install is deprecated -W ignore:easy_install command is deprecated setup.py egg_info --egg-base ../../build/robot_kinematics build --build-base /home/xdblackout/Dev/DesmitificandoRobotica/proyecto_ws/build/robot_kinematics/build install --record /home/xdblackout/Dev/DesmitificandoRobotica/proyecto_ws/build/robot_kinematics/install.log --single-version-externally-managed install_data
