[0.067s] DEBUG:colcon:Command line arguments: ['/usr/bin/colcon', 'build', '--symlink-install']
[0.067s] DEBUG:colcon:Parsed command line arguments: Namespace(log_base=None, log_level=None, verb_name='build', build_base='build', install_base='install', merge_install=False, symlink_install=True, test_result_base=None, continue_on_error=False, executor='parallel', parallel_workers=16, event_handlers=None, ignore_user_meta=False, metas=['./colcon.meta'], base_paths=['.'], packages_ignore=None, packages_ignore_regex=None, paths=None, packages_up_to=None, packages_up_to_regex=None, packages_above=None, packages_above_and_dependencies=None, packages_above_depth=None, packages_select_by_dep=None, packages_skip_by_dep=None, packages_skip_up_to=None, packages_select_build_failed=False, packages_skip_build_finished=False, packages_select_test_failures=False, packages_skip_test_passed=False, packages_select=None, packages_skip=None, packages_select_regex=None, packages_skip_regex=None, packages_start=None, packages_end=None, allow_overriding=[], cmake_args=None, cmake_target=None, cmake_target_skip_unavailable=False, cmake_clean_cache=False, cmake_clean_first=False, cmake_force_configure=False, ament_cmake_args=None, catkin_cmake_args=None, catkin_skip_building_tests=False, mixin_files=None, mixin=None, verb_parser=<colcon_mixin.mixin.mixin_argument.MixinArgumentDecorator object at 0x7deee96c9010>, verb_extension=<colcon_core.verb.build.BuildVerb object at 0x7deee96c8c80>, main=<bound method BuildVerb.main of <colcon_core.verb.build.BuildVerb object at 0x7deee96c8c80>>, mixin_verb=('build',))
[0.090s] Level 1:colcon.colcon_core.package_discovery:discover_packages(colcon_meta) check parameters
[0.090s] Level 1:colcon.colcon_core.package_discovery:discover_packages(recursive) check parameters
[0.090s] Level 1:colcon.colcon_core.package_discovery:discover_packages(ignore) check parameters
[0.090s] Level 1:colcon.colcon_core.package_discovery:discover_packages(path) check parameters
[0.090s] Level 1:colcon.colcon_core.package_discovery:discover_packages(colcon_meta) discover
[0.090s] Level 1:colcon.colcon_core.package_discovery:discover_packages(recursive) discover
[0.090s] INFO:colcon.colcon_core.package_discovery:Crawling recursively for packages in '/home/xdblackout/Dev/DesmitificandoRobotica/proyecto_ws'
[0.090s] Level 1:colcon.colcon_core.package_identification:_identify(.) by extensions ['ignore', 'ignore_ament_install']
[0.090s] Level 1:colcon.colcon_core.package_identification:_identify(.) by extension 'ignore'
[0.090s] Level 1:colcon.colcon_core.package_identification:_identify(.) by extension 'ignore_ament_install'
[0.090s] Level 1:colcon.colcon_core.package_identification:_identify(.) by extensions ['colcon_pkg']
[0.090s] Level 1:colcon.colcon_core.package_identification:_identify(.) by extension 'colcon_pkg'
[0.090s] Level 1:colcon.colcon_core.package_identification:_identify(.) by extensions ['colcon_meta']
[0.090s] Level 1:colcon.colcon_core.package_identification:_identify(.) by extension 'colcon_meta'
[0.090s] Level 1:colcon.colcon_core.package_identification:_identify(.) by extensions ['ros']
[0.090s] Level 1:colcon.colcon_core.package_identification:_identify(.) by extension 'ros'
[0.105s] Level 1:colcon.colcon_core.package_identification:_identify(.) by extensions ['cmake', 'python']
[0.106s] Level 1:colcon.colcon_core.package_identification:_identify(.) by extension 'cmake'
[0.106s] Level 1:colcon.colcon_core.package_identification:_identify(.) by extension 'python'
[0.106s] Level 1:colcon.colcon_core.package_identification:_identify(.) by extensions ['python_setup_py']
[0.106s] Level 1:colcon.colcon_core.package_identification:_identify(.) by extension 'python_setup_py'
[0.106s] Level 1:colcon.colcon_core.package_identification:_identify(build) by extensions ['ignore', 'ignore_ament_install']
[0.106s] Level 1:colcon.colcon_core.package_identification:_identify(build) by extension 'ignore'
[0.106s] Level 1:colcon.colcon_core.package_identification:_identify(build) ignored
[0.106s] Level 1:colcon.colcon_core.package_identification:_identify(install) by extensions ['ignore', 'ignore_ament_install']
[0.106s] Level 1:colcon.colcon_core.package_identification:_identify(install) by extension 'ignore'
[0.106s] Level 1:colcon.colcon_core.package_identification:_identify(install) ignored
[0.106s] Level 1:colcon.colcon_core.package_identification:_identify(log) by extensions ['ignore', 'ignore_ament_install']
[0.106s] Level 1:colcon.colcon_core.package_identification:_identify(log) by extension 'ignore'
[0.106s] Level 1:colcon.colcon_core.package_identification:_identify(log) ignored
[0.106s] Level 1:colcon.colcon_core.package_identification:_identify(src) by extensions ['ignore', 'ignore_ament_install']
[0.106s] Level 1:colcon.colcon_core.package_identification:_identify(src) by extension 'ignore'
[0.106s] Level 1:colcon.colcon_core.package_identification:_identify(src) by extension 'ignore_ament_install'
[0.106s] Level 1:colcon.colcon_core.package_identification:_identify(src) by extensions ['colcon_pkg']
[0.106s] Level 1:colcon.colcon_core.package_identification:_identify(src) by extension 'colcon_pkg'
[0.106s] Level 1:colcon.colcon_core.package_identification:_identify(src) by extensions ['colcon_meta']
[0.106s] Level 1:colcon.colcon_core.package_identification:_identify(src) by extension 'colcon_meta'
[0.106s] Level 1:colcon.colcon_core.package_identification:_identify(src) by extensions ['ros']
[0.106s] Level 1:colcon.colcon_core.package_identification:_identify(src) by extension 'ros'
[0.107s] Level 1:colcon.colcon_core.package_identification:_identify(src) by extensions ['cmake', 'python']
[0.107s] Level 1:colcon.colcon_core.package_identification:_identify(src) by extension 'cmake'
[0.107s] Level 1:colcon.colcon_core.package_identification:_identify(src) by extension 'python'
[0.107s] Level 1:colcon.colcon_core.package_identification:_identify(src) by extensions ['python_setup_py']
[0.107s] Level 1:colcon.colcon_core.package_identification:_identify(src) by extension 'python_setup_py'
[0.107s] Level 1:colcon.colcon_core.package_identification:_identify(src/robot_bringup) by extensions ['ignore', 'ignore_ament_install']
[0.107s] Level 1:colcon.colcon_core.package_identification:_identify(src/robot_bringup) by extension 'ignore'
[0.107s] Level 1:colcon.colcon_core.package_identification:_identify(src/robot_bringup) by extension 'ignore_ament_install'
[0.107s] Level 1:colcon.colcon_core.package_identification:_identify(src/robot_bringup) by extensions ['colcon_pkg']
[0.107s] Level 1:colcon.colcon_core.package_identification:_identify(src/robot_bringup) by extension 'colcon_pkg'
[0.107s] Level 1:colcon.colcon_core.package_identification:_identify(src/robot_bringup) by extensions ['colcon_meta']
[0.107s] Level 1:colcon.colcon_core.package_identification:_identify(src/robot_bringup) by extension 'colcon_meta'
[0.107s] Level 1:colcon.colcon_core.package_identification:_identify(src/robot_bringup) by extensions ['ros']
[0.107s] Level 1:colcon.colcon_core.package_identification:_identify(src/robot_bringup) by extension 'ros'
[0.108s] DEBUG:colcon.colcon_core.package_identification:Package 'src/robot_bringup' with type 'ros.ament_python' and name 'robot_bringup'
[0.108s] Level 1:colcon.colcon_core.package_identification:_identify(src/robot_description) by extensions ['ignore', 'ignore_ament_install']
[0.108s] Level 1:colcon.colcon_core.package_identification:_identify(src/robot_description) by extension 'ignore'
[0.108s] Level 1:colcon.colcon_core.package_identification:_identify(src/robot_description) by extension 'ignore_ament_install'
[0.108s] Level 1:colcon.colcon_core.package_identification:_identify(src/robot_description) by extensions ['colcon_pkg']
[0.108s] Level 1:colcon.colcon_core.package_identification:_identify(src/robot_description) by extension 'colcon_pkg'
[0.108s] Level 1:colcon.colcon_core.package_identification:_identify(src/robot_description) by extensions ['colcon_meta']
[0.108s] Level 1:colcon.colcon_core.package_identification:_identify(src/robot_description) by extension 'colcon_meta'
[0.108s] Level 1:colcon.colcon_core.package_identification:_identify(src/robot_description) by extensions ['ros']
[0.108s] Level 1:colcon.colcon_core.package_identification:_identify(src/robot_description) by extension 'ros'
[0.109s] DEBUG:colcon.colcon_core.package_identification:Package 'src/robot_description' with type 'ros.ament_python' and name 'robot_description'
[0.109s] Level 1:colcon.colcon_core.package_identification:_identify(src/robot_hardware) by extensions ['ignore', 'ignore_ament_install']
[0.109s] Level 1:colcon.colcon_core.package_identification:_identify(src/robot_hardware) by extension 'ignore'
[0.109s] Level 1:colcon.colcon_core.package_identification:_identify(src/robot_hardware) by extension 'ignore_ament_install'
[0.109s] Level 1:colcon.colcon_core.package_identification:_identify(src/robot_hardware) by extensions ['colcon_pkg']
[0.109s] Level 1:colcon.colcon_core.package_identification:_identify(src/robot_hardware) by extension 'colcon_pkg'
[0.109s] Level 1:colcon.colcon_core.package_identification:_identify(src/robot_hardware) by extensions ['colcon_meta']
[0.109s] Level 1:colcon.colcon_core.package_identification:_identify(src/robot_hardware) by extension 'colcon_meta'
[0.109s] Level 1:colcon.colcon_core.package_identification:_identify(src/robot_hardware) by extensions ['ros']
[0.109s] Level 1:colcon.colcon_core.package_identification:_identify(src/robot_hardware) by extension 'ros'
[0.109s] DEBUG:colcon.colcon_core.package_identification:Package 'src/robot_hardware' with type 'ros.ament_python' and name 'robot_hardware'
[0.109s] Level 1:colcon.colcon_core.package_identification:_identify(src/robot_kinematics) by extensions ['ignore', 'ignore_ament_install']
[0.109s] Level 1:colcon.colcon_core.package_identification:_identify(src/robot_kinematics) by extension 'ignore'
[0.109s] Level 1:colcon.colcon_core.package_identification:_identify(src/robot_kinematics) by extension 'ignore_ament_install'
[0.109s] Level 1:colcon.colcon_core.package_identification:_identify(src/robot_kinematics) by extensions ['colcon_pkg']
[0.109s] Level 1:colcon.colcon_core.package_identification:_identify(src/robot_kinematics) by extension 'colcon_pkg'
[0.109s] Level 1:colcon.colcon_core.package_identification:_identify(src/robot_kinematics) by extensions ['colcon_meta']
[0.109s] Level 1:colcon.colcon_core.package_identification:_identify(src/robot_kinematics) by extension 'colcon_meta'
[0.109s] Level 1:colcon.colcon_core.package_identification:_identify(src/robot_kinematics) by extensions ['ros']
[0.109s] Level 1:colcon.colcon_core.package_identification:_identify(src/robot_kinematics) by extension 'ros'
[0.109s] DEBUG:colcon.colcon_core.package_identification:Package 'src/robot_kinematics' with type 'ros.ament_python' and name 'robot_kinematics'
[0.110s] Level 1:colcon.colcon_core.package_discovery:discover_packages(recursive) using defaults
[0.110s] Level 1:colcon.colcon_core.package_discovery:discover_packages(ignore) discover
[0.110s] Level 1:colcon.colcon_core.package_discovery:discover_packages(ignore) using defaults
[0.110s] Level 1:colcon.colcon_core.package_discovery:discover_packages(path) discover
[0.110s] Level 1:colcon.colcon_core.package_discovery:discover_packages(path) using defaults
[0.120s] Level 1:colcon.colcon_core.package_discovery:discover_packages(prefix_path) check parameters
[0.120s] Level 1:colcon.colcon_core.package_discovery:discover_packages(prefix_path) discover
[0.122s] DEBUG:colcon.colcon_installed_package_information.package_discovery:Found 4 installed packages in /home/xdblackout/Dev/DesmitificandoRobotica/proyecto_ws/install
[0.123s] DEBUG:colcon.colcon_installed_package_information.package_discovery:Found 292 installed packages in /opt/ros/jazzy
[0.123s] Level 1:colcon.colcon_core.package_discovery:discover_packages(prefix_path) using defaults
[0.147s] Level 5:colcon.colcon_core.verb:set package 'robot_bringup' build argument 'cmake_args' from command line to 'None'
[0.147s] Level 5:colcon.colcon_core.verb:set package 'robot_bringup' build argument 'cmake_target' from command line to 'None'
[0.147s] Level 5:colcon.colcon_core.verb:set package 'robot_bringup' build argument 'cmake_target_skip_unavailable' from command line to 'False'
[0.147s] Level 5:colcon.colcon_core.verb:set package 'robot_bringup' build argument 'cmake_clean_cache' from command line to 'False'
[0.147s] Level 5:colcon.colcon_core.verb:set package 'robot_bringup' build argument 'cmake_clean_first' from command line to 'False'
[0.147s] Level 5:colcon.colcon_core.verb:set package 'robot_bringup' build argument 'cmake_force_configure' from command line to 'False'
[0.147s] Level 5:colcon.colcon_core.verb:set package 'robot_bringup' build argument 'ament_cmake_args' from command line to 'None'
[0.147s] Level 5:colcon.colcon_core.verb:set package 'robot_bringup' build argument 'catkin_cmake_args' from command line to 'None'
[0.147s] Level 5:colcon.colcon_core.verb:set package 'robot_bringup' build argument 'catkin_skip_building_tests' from command line to 'False'
[0.147s] DEBUG:colcon.colcon_core.verb:Building package 'robot_bringup' with the following arguments: {'ament_cmake_args': None, 'build_base': '/home/xdblackout/Dev/DesmitificandoRobotica/proyecto_ws/build/robot_bringup', 'catkin_cmake_args': None, 'catkin_skip_building_tests': False, 'cmake_args': None, 'cmake_clean_cache': False, 'cmake_clean_first': False, 'cmake_force_configure': False, 'cmake_target': None, 'cmake_target_skip_unavailable': False, 'install_base': '/home/xdblackout/Dev/DesmitificandoRobotica/proyecto_ws/install/robot_bringup', 'merge_install': False, 'path': '/home/xdblackout/Dev/DesmitificandoRobotica/proyecto_ws/src/robot_bringup', 'symlink_install': True, 'test_result_base': None}
[0.147s] Level 5:colcon.colcon_core.verb:set package 'robot_description' build argument 'cmake_args' from command line to 'None'
[0.147s] Level 5:colcon.colcon_core.verb:set package 'robot_description' build argument 'cmake_target' from command line to 'None'
[0.147s] Level 5:colcon.colcon_core.verb:set package 'robot_description' build argument 'cmake_target_skip_unavailable' from command line to 'False'
[0.147s] Level 5:colcon.colcon_core.verb:set package 'robot_description' build argument 'cmake_clean_cache' from command line to 'False'
[0.147s] Level 5:colcon.colcon_core.verb:set package 'robot_description' build argument 'cmake_clean_first' from command line to 'False'
[0.147s] Level 5:colcon.colcon_core.verb:set package 'robot_description' build argument 'cmake_force_configure' from command line to 'False'
[0.147s] Level 5:colcon.colcon_core.verb:set package 'robot_description' build argument 'ament_cmake_args' from command line to 'None'
[0.147s] Level 5:colcon.colcon_core.verb:set package 'robot_description' build argument 'catkin_cmake_args' from command line to 'None'
[0.147s] Level 5:colcon.colcon_core.verb:set package 'robot_description' build argument 'catkin_skip_building_tests' from command line to 'False'
[0.147s] DEBUG:colcon.colcon_core.verb:Building package 'robot_description' with the following arguments: {'ament_cmake_args': None, 'build_base': '/home/xdblackout/Dev/DesmitificandoRobotica/proyecto_ws/build/robot_description', 'catkin_cmake_args': None, 'catkin_skip_building_tests': False, 'cmake_args': None, 'cmake_clean_cache': False, 'cmake_clean_first': False, 'cmake_force_configure': False, 'cmake_target': None, 'cmake_target_skip_unavailable': False, 'install_base': '/home/xdblackout/Dev/DesmitificandoRobotica/proyecto_ws/install/robot_description', 'merge_install': False, 'path': '/home/xdblackout/Dev/DesmitificandoRobotica/proyecto_ws/src/robot_description', 'symlink_install': True, 'test_result_base': None}
[0.147s] Level 5:colcon.colcon_core.verb:set package 'robot_hardware' build argument 'cmake_args' from command line to 'None'
[0.147s] Level 5:colcon.colcon_core.verb:set package 'robot_hardware' build argument 'cmake_target' from command line to 'None'
[0.147s] Level 5:colcon.colcon_core.verb:set package 'robot_hardware' build argument 'cmake_target_skip_unavailable' from command line to 'False'
[0.147s] Level 5:colcon.colcon_core.verb:set package 'robot_hardware' build argument 'cmake_clean_cache' from command line to 'False'
[0.147s] Level 5:colcon.colcon_core.verb:set package 'robot_hardware' build argument 'cmake_clean_first' from command line to 'False'
[0.147s] Level 5:colcon.colcon_core.verb:set package 'robot_hardware' build argument 'cmake_force_configure' from command line to 'False'
[0.147s] Level 5:colcon.colcon_core.verb:set package 'robot_hardware' build argument 'ament_cmake_args' from command line to 'None'
[0.147s] Level 5:colcon.colcon_core.verb:set package 'robot_hardware' build argument 'catkin_cmake_args' from command line to 'None'
[0.147s] Level 5:colcon.colcon_core.verb:set package 'robot_hardware' build argument 'catkin_skip_building_tests' from command line to 'False'
[0.148s] DEBUG:colcon.colcon_core.verb:Building package 'robot_hardware' with the following arguments: {'ament_cmake_args': None, 'build_base': '/home/xdblackout/Dev/DesmitificandoRobotica/proyecto_ws/build/robot_hardware', 'catkin_cmake_args': None, 'catkin_skip_building_tests': False, 'cmake_args': None, 'cmake_clean_cache': False, 'cmake_clean_first': False, 'cmake_force_configure': False, 'cmake_target': None, 'cmake_target_skip_unavailable': False, 'install_base': '/home/xdblackout/Dev/DesmitificandoRobotica/proyecto_ws/install/robot_hardware', 'merge_install': False, 'path': '/home/xdblackout/Dev/DesmitificandoRobotica/proyecto_ws/src/robot_hardware', 'symlink_install': True, 'test_result_base': None}
[0.148s] Level 5:colcon.colcon_core.verb:set package 'robot_kinematics' build argument 'cmake_args' from command line to 'None'
[0.148s] Level 5:colcon.colcon_core.verb:set package 'robot_kinematics' build argument 'cmake_target' from command line to 'None'
[0.148s] Level 5:colcon.colcon_core.verb:set package 'robot_kinematics' build argument 'cmake_target_skip_unavailable' from command line to 'False'
[0.148s] Level 5:colcon.colcon_core.verb:set package 'robot_kinematics' build argument 'cmake_clean_cache' from command line to 'False'
[0.148s] Level 5:colcon.colcon_core.verb:set package 'robot_kinematics' build argument 'cmake_clean_first' from command line to 'False'
[0.148s] Level 5:colcon.colcon_core.verb:set package 'robot_kinematics' build argument 'cmake_force_configure' from command line to 'False'
[0.148s] Level 5:colcon.colcon_core.verb:set package 'robot_kinematics' build argument 'ament_cmake_args' from command line to 'None'
[0.148s] Level 5:colcon.colcon_core.verb:set package 'robot_kinematics' build argument 'catkin_cmake_args' from command line to 'None'
[0.148s] Level 5:colcon.colcon_core.verb:set package 'robot_kinematics' build argument 'catkin_skip_building_tests' from command line to 'False'
[0.148s] DEBUG:colcon.colcon_core.verb:Building package 'robot_kinematics' with the following arguments: {'ament_cmake_args': None, 'build_base': '/home/xdblackout/Dev/DesmitificandoRobotica/proyecto_ws/build/robot_kinematics', 'catkin_cmake_args': None, 'catkin_skip_building_tests': False, 'cmake_args': None, 'cmake_clean_cache': False, 'cmake_clean_first': False, 'cmake_force_configure': False, 'cmake_target': None, 'cmake_target_skip_unavailable': False, 'install_base': '/home/xdblackout/Dev/DesmitificandoRobotica/proyecto_ws/install/robot_kinematics', 'merge_install': False, 'path': '/home/xdblackout/Dev/DesmitificandoRobotica/proyecto_ws/src/robot_kinematics', 'symlink_install': True, 'test_result_base': None}
[0.148s] INFO:colcon.colcon_core.executor:Executing jobs using 'parallel' executor
[0.149s] DEBUG:colcon.colcon_parallel_executor.executor.parallel:run_until_complete
[0.149s] INFO:colcon.colcon_ros.task.ament_python.build:Building ROS package in '/home/xdblackout/Dev/DesmitificandoRobotica/proyecto_ws/src/robot_bringup' with build type 'ament_python'
[0.149s] Level 1:colcon.colcon_core.shell:create_environment_hook('robot_bringup', 'ament_prefix_path')
[0.152s] INFO:colcon.colcon_core.plugin_system:Skipping extension 'colcon_core.shell.bat': Not used on non-Windows systems
[0.152s] INFO:colcon.colcon_core.shell:Creating environment hook '/home/xdblackout/Dev/DesmitificandoRobotica/proyecto_ws/install/robot_bringup/share/robot_bringup/hook/ament_prefix_path.ps1'
[0.153s] INFO:colcon.colcon_core.shell:Creating environment descriptor '/home/xdblackout/Dev/DesmitificandoRobotica/proyecto_ws/install/robot_bringup/share/robot_bringup/hook/ament_prefix_path.dsv'
[0.153s] INFO:colcon.colcon_core.shell:Creating environment hook '/home/xdblackout/Dev/DesmitificandoRobotica/proyecto_ws/install/robot_bringup/share/robot_bringup/hook/ament_prefix_path.sh'
[0.153s] INFO:colcon.colcon_core.shell:Skip shell extension 'powershell' for command environment: Not usable outside of PowerShell
[0.153s] DEBUG:colcon.colcon_core.shell:Skip shell extension 'dsv' for command environment
[0.156s] INFO:colcon.colcon_ros.task.ament_python.build:Building ROS package in '/home/xdblackout/Dev/DesmitificandoRobotica/proyecto_ws/src/robot_description' with build type 'ament_python'
[0.156s] Level 1:colcon.colcon_core.shell:create_environment_hook('robot_description', 'ament_prefix_path')
[0.156s] INFO:colcon.colcon_core.shell:Creating environment hook '/home/xdblackout/Dev/DesmitificandoRobotica/proyecto_ws/install/robot_description/share/robot_description/hook/ament_prefix_path.ps1'
[0.156s] INFO:colcon.colcon_core.shell:Creating environment descriptor '/home/xdblackout/Dev/DesmitificandoRobotica/proyecto_ws/install/robot_description/share/robot_description/hook/ament_prefix_path.dsv'
[0.156s] INFO:colcon.colcon_core.shell:Creating environment hook '/home/xdblackout/Dev/DesmitificandoRobotica/proyecto_ws/install/robot_description/share/robot_description/hook/ament_prefix_path.sh'
[0.157s] INFO:colcon.colcon_core.shell:Skip shell extension 'powershell' for command environment: Not usable outside of PowerShell
[0.157s] DEBUG:colcon.colcon_core.shell:Skip shell extension 'dsv' for command environment
[0.159s] INFO:colcon.colcon_ros.task.ament_python.build:Building ROS package in '/home/xdblackout/Dev/DesmitificandoRobotica/proyecto_ws/src/robot_hardware' with build type 'ament_python'
[0.159s] Level 1:colcon.colcon_core.shell:create_environment_hook('robot_hardware', 'ament_prefix_path')
[0.159s] INFO:colcon.colcon_core.shell:Creating environment hook '/home/xdblackout/Dev/DesmitificandoRobotica/proyecto_ws/install/robot_hardware/share/robot_hardware/hook/ament_prefix_path.ps1'
[0.159s] INFO:colcon.colcon_core.shell:Creating environment descriptor '/home/xdblackout/Dev/DesmitificandoRobotica/proyecto_ws/install/robot_hardware/share/robot_hardware/hook/ament_prefix_path.dsv'
[0.160s] INFO:colcon.colcon_core.shell:Creating environment hook '/home/xdblackout/Dev/DesmitificandoRobotica/proyecto_ws/install/robot_hardware/share/robot_hardware/hook/ament_prefix_path.sh'
[0.160s] INFO:colcon.colcon_core.shell:Skip shell extension 'powershell' for command environment: Not usable outside of PowerShell
[0.160s] DEBUG:colcon.colcon_core.shell:Skip shell extension 'dsv' for command environment
[0.162s] INFO:colcon.colcon_ros.task.ament_python.build:Building ROS package in '/home/xdblackout/Dev/DesmitificandoRobotica/proyecto_ws/src/robot_kinematics' with build type 'ament_python'
[0.162s] Level 1:colcon.colcon_core.shell:create_environment_hook('robot_kinematics', 'ament_prefix_path')
[0.162s] INFO:colcon.colcon_core.shell:Creating environment hook '/home/xdblackout/Dev/DesmitificandoRobotica/proyecto_ws/install/robot_kinematics/share/robot_kinematics/hook/ament_prefix_path.ps1'
[0.163s] INFO:colcon.colcon_core.shell:Creating environment descriptor '/home/xdblackout/Dev/DesmitificandoRobotica/proyecto_ws/install/robot_kinematics/share/robot_kinematics/hook/ament_prefix_path.dsv'
[0.163s] INFO:colcon.colcon_core.shell:Creating environment hook '/home/xdblackout/Dev/DesmitificandoRobotica/proyecto_ws/install/robot_kinematics/share/robot_kinematics/hook/ament_prefix_path.sh'
[0.163s] INFO:colcon.colcon_core.shell:Skip shell extension 'powershell' for command environment: Not usable outside of PowerShell
[0.163s] DEBUG:colcon.colcon_core.shell:Skip shell extension 'dsv' for command environment
[0.306s] INFO:colcon.colcon_core.task.python.build:Building Python package in '/home/xdblackout/Dev/DesmitificandoRobotica/proyecto_ws/src/robot_bringup'
[0.307s] INFO:colcon.colcon_core.shell:Skip shell extension 'powershell' for command environment: Not usable outside of PowerShell
[0.307s] DEBUG:colcon.colcon_core.shell:Skip shell extension 'dsv' for command environment
[0.443s] INFO:colcon.colcon_core.task.python.build:Building Python package in '/home/xdblackout/Dev/DesmitificandoRobotica/proyecto_ws/src/robot_description'
[0.444s] INFO:colcon.colcon_core.shell:Skip shell extension 'powershell' for command environment: Not usable outside of PowerShell
[0.444s] DEBUG:colcon.colcon_core.shell:Skip shell extension 'dsv' for command environment
[0.588s] INFO:colcon.colcon_core.task.python.build:Building Python package in '/home/xdblackout/Dev/DesmitificandoRobotica/proyecto_ws/src/robot_hardware'
[0.588s] INFO:colcon.colcon_core.shell:Skip shell extension 'powershell' for command environment: Not usable outside of PowerShell
[0.588s] DEBUG:colcon.colcon_core.shell:Skip shell extension 'dsv' for command environment
[0.731s] INFO:colcon.colcon_core.task.python.build:Building Python package in '/home/xdblackout/Dev/DesmitificandoRobotica/proyecto_ws/src/robot_kinematics'
[0.731s] INFO:colcon.colcon_core.shell:Skip shell extension 'powershell' for command environment: Not usable outside of PowerShell
[0.731s] DEBUG:colcon.colcon_core.shell:Skip shell extension 'dsv' for command environment
[1.139s] DEBUG:colcon.colcon_core.event_handler.log_command:Invoking command in '/home/xdblackout/Dev/DesmitificandoRobotica/proyecto_ws/build/robot_hardware': DEBUGINFOD_URLS=https://debuginfod.ubuntu.com PYTHONPATH=/home/xdblackout/Dev/DesmitificandoRobotica/proyecto_ws/build/robot_hardware/prefix_override:/usr/lib/python3/dist-packages/colcon_core/task/python/colcon_distutils_commands:/home/xdblackout/Dev/DesmitificandoRobotica/proyecto_ws/install/robot_hardware/lib/python3.12/site-packages:${PYTHONPATH} /usr/bin/python3 -W ignore:setup.py install is deprecated -W ignore:easy_install command is deprecated setup.py develop --editable --build-directory /home/xdblackout/Dev/DesmitificandoRobotica/proyecto_ws/build/robot_hardware/build --no-deps symlink_data
[1.156s] DEBUG:colcon.colcon_core.event_handler.log_command:Invoking command in '/home/xdblackout/Dev/DesmitificandoRobotica/proyecto_ws/build/robot_bringup': DEBUGINFOD_URLS=https://debuginfod.ubuntu.com PYTHONPATH=/home/xdblackout/Dev/DesmitificandoRobotica/proyecto_ws/build/robot_bringup/prefix_override:/usr/lib/python3/dist-packages/colcon_core/task/python/colcon_distutils_commands:/home/xdblackout/Dev/DesmitificandoRobotica/proyecto_ws/install/robot_bringup/lib/python3.12/site-packages:${PYTHONPATH} /usr/bin/python3 -W ignore:setup.py install is deprecated -W ignore:easy_install command is deprecated setup.py develop --editable --build-directory /home/xdblackout/Dev/DesmitificandoRobotica/proyecto_ws/build/robot_bringup/build --no-deps symlink_data
[1.162s] DEBUG:colcon.colcon_core.event_handler.log_command:Invoking command in '/home/xdblackout/Dev/DesmitificandoRobotica/proyecto_ws/build/robot_description': DEBUGINFOD_URLS=https://debuginfod.ubuntu.com PYTHONPATH=/home/xdblackout/Dev/DesmitificandoRobotica/proyecto_ws/build/robot_description/prefix_override:/usr/lib/python3/dist-packages/colcon_core/task/python/colcon_distutils_commands:/home/xdblackout/Dev/DesmitificandoRobotica/proyecto_ws/install/robot_description/lib/python3.12/site-packages:${PYTHONPATH} /usr/bin/python3 -W ignore:setup.py install is deprecated -W ignore:easy_install command is deprecated setup.py develop --editable --build-directory /home/xdblackout/Dev/DesmitificandoRobotica/proyecto_ws/build/robot_description/build --no-deps symlink_data
[1.163s] DEBUG:colcon.colcon_core.event_handler.log_command:Invoking command in '/home/xdblackout/Dev/DesmitificandoRobotica/proyecto_ws/build/robot_kinematics': DEBUGINFOD_URLS=https://debuginfod.ubuntu.com PYTHONPATH=/home/xdblackout/Dev/DesmitificandoRobotica/proyecto_ws/build/robot_kinematics/prefix_override:/usr/lib/python3/dist-packages/colcon_core/task/python/colcon_distutils_commands:/home/xdblackout/Dev/DesmitificandoRobotica/proyecto_ws/install/robot_kinematics/lib/python3.12/site-packages:${PYTHONPATH} /usr/bin/python3 -W ignore:setup.py install is deprecated -W ignore:easy_install command is deprecated setup.py develop --editable --build-directory /home/xdblackout/Dev/DesmitificandoRobotica/proyecto_ws/build/robot_kinematics/build --no-deps symlink_data
[1.600s] Level 1:colcon.colcon_core.shell:create_environment_hook('robot_hardware', 'pythonpath_develop')
[1.600s] INFO:colcon.colcon_core.shell:Creating environment hook '/home/xdblackout/Dev/DesmitificandoRobotica/proyecto_ws/build/robot_hardware/share/robot_hardware/hook/pythonpath_develop.ps1'
[1.601s] DEBUG:colcon.colcon_core.event_handler.log_command:Invoked command in '/home/xdblackout/Dev/DesmitificandoRobotica/proyecto_ws/build/robot_hardware' returned '0': DEBUGINFOD_URLS=https://debuginfod.ubuntu.com PYTHONPATH=/home/xdblackout/Dev/DesmitificandoRobotica/proyecto_ws/build/robot_hardware/prefix_override:/usr/lib/python3/dist-packages/colcon_core/task/python/colcon_distutils_commands:/home/xdblackout/Dev/DesmitificandoRobotica/proyecto_ws/install/robot_hardware/lib/python3.12/site-packages:${PYTHONPATH} /usr/bin/python3 -W ignore:setup.py install is deprecated -W ignore:easy_install command is deprecated setup.py develop --editable --build-directory /home/xdblackout/Dev/DesmitificandoRobotica/proyecto_ws/build/robot_hardware/build --no-deps symlink_data
[1.601s] INFO:colcon.colcon_core.shell:Creating environment descriptor '/home/xdblackout/Dev/DesmitificandoRobotica/proyecto_ws/build/robot_hardware/share/robot_hardware/hook/pythonpath_develop.dsv'
[1.601s] INFO:colcon.colcon_core.shell:Creating environment hook '/home/xdblackout/Dev/DesmitificandoRobotica/proyecto_ws/build/robot_hardware/share/robot_hardware/hook/pythonpath_develop.sh'
[1.603s] Level 1:colcon.colcon_core.environment:checking '/home/xdblackout/Dev/DesmitificandoRobotica/proyecto_ws/install/robot_hardware' for CMake module files
[1.603s] Level 1:colcon.colcon_core.environment:checking '/home/xdblackout/Dev/DesmitificandoRobotica/proyecto_ws/install/robot_hardware' for CMake config files
[1.603s] Level 1:colcon.colcon_core.environment:checking '/home/xdblackout/Dev/DesmitificandoRobotica/proyecto_ws/install/robot_hardware/lib'
[1.604s] Level 1:colcon.colcon_core.environment:checking '/home/xdblackout/Dev/DesmitificandoRobotica/proyecto_ws/install/robot_hardware/bin'
[1.604s] Level 1:colcon.colcon_core.environment:checking '/home/xdblackout/Dev/DesmitificandoRobotica/proyecto_ws/install/robot_hardware/lib/pkgconfig/robot_hardware.pc'
[1.604s] Level 1:colcon.colcon_core.environment:checking '/home/xdblackout/Dev/DesmitificandoRobotica/proyecto_ws/install/robot_hardware/lib/python3.12/site-packages'
[1.604s] Level 1:colcon.colcon_core.shell:create_environment_hook('robot_hardware', 'pythonpath')
[1.604s] INFO:colcon.colcon_core.shell:Creating environment hook '/home/xdblackout/Dev/DesmitificandoRobotica/proyecto_ws/install/robot_hardware/share/robot_hardware/hook/pythonpath.ps1'
[1.604s] INFO:colcon.colcon_core.shell:Creating environment descriptor '/home/xdblackout/Dev/DesmitificandoRobotica/proyecto_ws/install/robot_hardware/share/robot_hardware/hook/pythonpath.dsv'
[1.604s] INFO:colcon.colcon_core.shell:Creating environment hook '/home/xdblackout/Dev/DesmitificandoRobotica/proyecto_ws/install/robot_hardware/share/robot_hardware/hook/pythonpath.sh'
[1.605s] Level 1:colcon.colcon_core.environment:checking '/home/xdblackout/Dev/DesmitificandoRobotica/proyecto_ws/install/robot_hardware/bin'
[1.605s] Level 1:colcon.colcon_core.environment:create_environment_scripts_only(robot_hardware)
[1.605s] INFO:colcon.colcon_core.shell:Creating package script '/home/xdblackout/Dev/DesmitificandoRobotica/proyecto_ws/install/robot_hardware/share/robot_hardware/package.ps1'
[1.606s] INFO:colcon.colcon_core.shell:Creating package descriptor '/home/xdblackout/Dev/DesmitificandoRobotica/proyecto_ws/install/robot_hardware/share/robot_hardware/package.dsv'
[1.606s] INFO:colcon.colcon_core.shell:Creating package script '/home/xdblackout/Dev/DesmitificandoRobotica/proyecto_ws/install/robot_hardware/share/robot_hardware/package.sh'
[1.606s] INFO:colcon.colcon_core.shell:Creating package script '/home/xdblackout/Dev/DesmitificandoRobotica/proyecto_ws/install/robot_hardware/share/robot_hardware/package.bash'
[1.607s] INFO:colcon.colcon_core.shell:Creating package script '/home/xdblackout/Dev/DesmitificandoRobotica/proyecto_ws/install/robot_hardware/share/robot_hardware/package.zsh'
[1.607s] Level 1:colcon.colcon_core.environment:create_file_with_runtime_dependencies(/home/xdblackout/Dev/DesmitificandoRobotica/proyecto_ws/install/robot_hardware/share/colcon-core/packages/robot_hardware)
[1.625s] Level 1:colcon.colcon_core.shell:create_environment_hook('robot_bringup', 'pythonpath_develop')
[1.625s] INFO:colcon.colcon_core.shell:Creating environment hook '/home/xdblackout/Dev/DesmitificandoRobotica/proyecto_ws/build/robot_bringup/share/robot_bringup/hook/pythonpath_develop.ps1'
[1.625s] DEBUG:colcon.colcon_core.event_handler.log_command:Invoked command in '/home/xdblackout/Dev/DesmitificandoRobotica/proyecto_ws/build/robot_bringup' returned '0': DEBUGINFOD_URLS=https://debuginfod.ubuntu.com PYTHONPATH=/home/xdblackout/Dev/DesmitificandoRobotica/proyecto_ws/build/robot_bringup/prefix_override:/usr/lib/python3/dist-packages/colcon_core/task/python/colcon_distutils_commands:/home/xdblackout/Dev/DesmitificandoRobotica/proyecto_ws/install/robot_bringup/lib/python3.12/site-packages:${PYTHONPATH} /usr/bin/python3 -W ignore:setup.py install is deprecated -W ignore:easy_install command is deprecated setup.py develop --editable --build-directory /home/xdblackout/Dev/DesmitificandoRobotica/proyecto_ws/build/robot_bringup/build --no-deps symlink_data
[1.626s] INFO:colcon.colcon_core.shell:Creating environment descriptor '/home/xdblackout/Dev/DesmitificandoRobotica/proyecto_ws/build/robot_bringup/share/robot_bringup/hook/pythonpath_develop.dsv'
[1.626s] INFO:colcon.colcon_core.shell:Creating environment hook '/home/xdblackout/Dev/DesmitificandoRobotica/proyecto_ws/build/robot_bringup/share/robot_bringup/hook/pythonpath_develop.sh'
[1.626s] Level 1:colcon.colcon_core.environment:checking '/home/xdblackout/Dev/DesmitificandoRobotica/proyecto_ws/install/robot_bringup' for CMake module files
[1.626s] Level 1:colcon.colcon_core.environment:checking '/home/xdblackout/Dev/DesmitificandoRobotica/proyecto_ws/install/robot_bringup' for CMake config files
[1.627s] Level 1:colcon.colcon_core.environment:checking '/home/xdblackout/Dev/DesmitificandoRobotica/proyecto_ws/install/robot_bringup/lib'
[1.627s] Level 1:colcon.colcon_core.environment:checking '/home/xdblackout/Dev/DesmitificandoRobotica/proyecto_ws/install/robot_bringup/bin'
[1.627s] Level 1:colcon.colcon_core.environment:checking '/home/xdblackout/Dev/DesmitificandoRobotica/proyecto_ws/install/robot_bringup/lib/pkgconfig/robot_bringup.pc'
[1.627s] Level 1:colcon.colcon_core.environment:checking '/home/xdblackout/Dev/DesmitificandoRobotica/proyecto_ws/install/robot_bringup/lib/python3.12/site-packages'
[1.627s] Level 1:colcon.colcon_core.shell:create_environment_hook('robot_bringup', 'pythonpath')
[1.627s] INFO:colcon.colcon_core.shell:Creating environment hook '/home/xdblackout/Dev/DesmitificandoRobotica/proyecto_ws/install/robot_bringup/share/robot_bringup/hook/pythonpath.ps1'
[1.627s] INFO:colcon.colcon_core.shell:Creating environment descriptor '/home/xdblackout/Dev/DesmitificandoRobotica/proyecto_ws/install/robot_bringup/share/robot_bringup/hook/pythonpath.dsv'
[1.627s] INFO:colcon.colcon_core.shell:Creating environment hook '/home/xdblackout/Dev/DesmitificandoRobotica/proyecto_ws/install/robot_bringup/share/robot_bringup/hook/pythonpath.sh'
[1.628s] Level 1:colcon.colcon_core.environment:checking '/home/xdblackout/Dev/DesmitificandoRobotica/proyecto_ws/install/robot_bringup/bin'
[1.628s] Level 1:colcon.colcon_core.environment:create_environment_scripts_only(robot_bringup)
[1.628s] INFO:colcon.colcon_core.shell:Creating package script '/home/xdblackout/Dev/DesmitificandoRobotica/proyecto_ws/install/robot_bringup/share/robot_bringup/package.ps1'
[1.628s] INFO:colcon.colcon_core.shell:Creating package descriptor '/home/xdblackout/Dev/DesmitificandoRobotica/proyecto_ws/install/robot_bringup/share/robot_bringup/package.dsv'
[1.629s] INFO:colcon.colcon_core.shell:Creating package script '/home/xdblackout/Dev/DesmitificandoRobotica/proyecto_ws/install/robot_bringup/share/robot_bringup/package.sh'
[1.629s] INFO:colcon.colcon_core.shell:Creating package script '/home/xdblackout/Dev/DesmitificandoRobotica/proyecto_ws/install/robot_bringup/share/robot_bringup/package.bash'
[1.629s] INFO:colcon.colcon_core.shell:Creating package script '/home/xdblackout/Dev/DesmitificandoRobotica/proyecto_ws/install/robot_bringup/share/robot_bringup/package.zsh'
[1.629s] Level 1:colcon.colcon_core.environment:create_file_with_runtime_dependencies(/home/xdblackout/Dev/DesmitificandoRobotica/proyecto_ws/install/robot_bringup/share/colcon-core/packages/robot_bringup)
[1.630s] Level 1:colcon.colcon_core.shell:create_environment_hook('robot_description', 'pythonpath_develop')
[1.630s] INFO:colcon.colcon_core.shell:Creating environment hook '/home/xdblackout/Dev/DesmitificandoRobotica/proyecto_ws/build/robot_description/share/robot_description/hook/pythonpath_develop.ps1'
[1.630s] DEBUG:colcon.colcon_core.event_handler.log_command:Invoked command in '/home/xdblackout/Dev/DesmitificandoRobotica/proyecto_ws/build/robot_description' returned '0': DEBUGINFOD_URLS=https://debuginfod.ubuntu.com PYTHONPATH=/home/xdblackout/Dev/DesmitificandoRobotica/proyecto_ws/build/robot_description/prefix_override:/usr/lib/python3/dist-packages/colcon_core/task/python/colcon_distutils_commands:/home/xdblackout/Dev/DesmitificandoRobotica/proyecto_ws/install/robot_description/lib/python3.12/site-packages:${PYTHONPATH} /usr/bin/python3 -W ignore:setup.py install is deprecated -W ignore:easy_install command is deprecated setup.py develop --editable --build-directory /home/xdblackout/Dev/DesmitificandoRobotica/proyecto_ws/build/robot_description/build --no-deps symlink_data
[1.631s] INFO:colcon.colcon_core.shell:Creating environment descriptor '/home/xdblackout/Dev/DesmitificandoRobotica/proyecto_ws/build/robot_description/share/robot_description/hook/pythonpath_develop.dsv'
[1.631s] INFO:colcon.colcon_core.shell:Creating environment hook '/home/xdblackout/Dev/DesmitificandoRobotica/proyecto_ws/build/robot_description/share/robot_description/hook/pythonpath_develop.sh'
[1.631s] Level 1:colcon.colcon_core.environment:checking '/home/xdblackout/Dev/DesmitificandoRobotica/proyecto_ws/install/robot_description' for CMake module files
[1.631s] Level 1:colcon.colcon_core.environment:checking '/home/xdblackout/Dev/DesmitificandoRobotica/proyecto_ws/install/robot_description' for CMake config files
[1.632s] Level 1:colcon.colcon_core.environment:checking '/home/xdblackout/Dev/DesmitificandoRobotica/proyecto_ws/install/robot_description/lib'
[1.632s] Level 1:colcon.colcon_core.environment:checking '/home/xdblackout/Dev/DesmitificandoRobotica/proyecto_ws/install/robot_description/bin'
[1.632s] Level 1:colcon.colcon_core.environment:checking '/home/xdblackout/Dev/DesmitificandoRobotica/proyecto_ws/install/robot_description/lib/pkgconfig/robot_description.pc'
[1.632s] Level 1:colcon.colcon_core.environment:checking '/home/xdblackout/Dev/DesmitificandoRobotica/proyecto_ws/install/robot_description/lib/python3.12/site-packages'
[1.632s] Level 1:colcon.colcon_core.shell:create_environment_hook('robot_description', 'pythonpath')
[1.632s] INFO:colcon.colcon_core.shell:Creating environment hook '/home/xdblackout/Dev/DesmitificandoRobotica/proyecto_ws/install/robot_description/share/robot_description/hook/pythonpath.ps1'
[1.632s] INFO:colcon.colcon_core.shell:Creating environment descriptor '/home/xdblackout/Dev/DesmitificandoRobotica/proyecto_ws/install/robot_description/share/robot_description/hook/pythonpath.dsv'
[1.632s] INFO:colcon.colcon_core.shell:Creating environment hook '/home/xdblackout/Dev/DesmitificandoRobotica/proyecto_ws/install/robot_description/share/robot_description/hook/pythonpath.sh'
[1.633s] Level 1:colcon.colcon_core.environment:checking '/home/xdblackout/Dev/DesmitificandoRobotica/proyecto_ws/install/robot_description/bin'
[1.633s] Level 1:colcon.colcon_core.environment:create_environment_scripts_only(robot_description)
[1.633s] INFO:colcon.colcon_core.shell:Creating package script '/home/xdblackout/Dev/DesmitificandoRobotica/proyecto_ws/install/robot_description/share/robot_description/package.ps1'
[1.633s] INFO:colcon.colcon_core.shell:Creating package descriptor '/home/xdblackout/Dev/DesmitificandoRobotica/proyecto_ws/install/robot_description/share/robot_description/package.dsv'
[1.634s] INFO:colcon.colcon_core.shell:Creating package script '/home/xdblackout/Dev/DesmitificandoRobotica/proyecto_ws/install/robot_description/share/robot_description/package.sh'
[1.634s] INFO:colcon.colcon_core.shell:Creating package script '/home/xdblackout/Dev/DesmitificandoRobotica/proyecto_ws/install/robot_description/share/robot_description/package.bash'
[1.634s] INFO:colcon.colcon_core.shell:Creating package script '/home/xdblackout/Dev/DesmitificandoRobotica/proyecto_ws/install/robot_description/share/robot_description/package.zsh'
[1.635s] Level 1:colcon.colcon_core.environment:create_file_with_runtime_dependencies(/home/xdblackout/Dev/DesmitificandoRobotica/proyecto_ws/install/robot_description/share/colcon-core/packages/robot_description)
[1.635s] Level 1:colcon.colcon_core.shell:create_environment_hook('robot_kinematics', 'pythonpath_develop')
[1.635s] INFO:colcon.colcon_core.shell:Creating environment hook '/home/xdblackout/Dev/DesmitificandoRobotica/proyecto_ws/build/robot_kinematics/share/robot_kinematics/hook/pythonpath_develop.ps1'
[1.635s] DEBUG:colcon.colcon_core.event_handler.log_command:Invoked command in '/home/xdblackout/Dev/DesmitificandoRobotica/proyecto_ws/build/robot_kinematics' returned '0': DEBUGINFOD_URLS=https://debuginfod.ubuntu.com PYTHONPATH=/home/xdblackout/Dev/DesmitificandoRobotica/proyecto_ws/build/robot_kinematics/prefix_override:/usr/lib/python3/dist-packages/colcon_core/task/python/colcon_distutils_commands:/home/xdblackout/Dev/DesmitificandoRobotica/proyecto_ws/install/robot_kinematics/lib/python3.12/site-packages:${PYTHONPATH} /usr/bin/python3 -W ignore:setup.py install is deprecated -W ignore:easy_install command is deprecated setup.py develop --editable --build-directory /home/xdblackout/Dev/DesmitificandoRobotica/proyecto_ws/build/robot_kinematics/build --no-deps symlink_data
[1.635s] INFO:colcon.colcon_core.shell:Creating environment descriptor '/home/xdblackout/Dev/DesmitificandoRobotica/proyecto_ws/build/robot_kinematics/share/robot_kinematics/hook/pythonpath_develop.dsv'
[1.636s] INFO:colcon.colcon_core.shell:Creating environment hook '/home/xdblackout/Dev/DesmitificandoRobotica/proyecto_ws/build/robot_kinematics/share/robot_kinematics/hook/pythonpath_develop.sh'
[1.636s] Level 1:colcon.colcon_core.environment:checking '/home/xdblackout/Dev/DesmitificandoRobotica/proyecto_ws/install/robot_kinematics' for CMake module files
[1.636s] Level 1:colcon.colcon_core.environment:checking '/home/xdblackout/Dev/DesmitificandoRobotica/proyecto_ws/install/robot_kinematics' for CMake config files
[1.637s] Level 1:colcon.colcon_core.environment:checking '/home/xdblackout/Dev/DesmitificandoRobotica/proyecto_ws/install/robot_kinematics/lib'
[1.637s] Level 1:colcon.colcon_core.environment:checking '/home/xdblackout/Dev/DesmitificandoRobotica/proyecto_ws/install/robot_kinematics/bin'
[1.637s] Level 1:colcon.colcon_core.environment:checking '/home/xdblackout/Dev/DesmitificandoRobotica/proyecto_ws/install/robot_kinematics/lib/pkgconfig/robot_kinematics.pc'
[1.637s] Level 1:colcon.colcon_core.environment:checking '/home/xdblackout/Dev/DesmitificandoRobotica/proyecto_ws/install/robot_kinematics/lib/python3.12/site-packages'
[1.637s] Level 1:colcon.colcon_core.shell:create_environment_hook('robot_kinematics', 'pythonpath')
[1.637s] INFO:colcon.colcon_core.shell:Creating environment hook '/home/xdblackout/Dev/DesmitificandoRobotica/proyecto_ws/install/robot_kinematics/share/robot_kinematics/hook/pythonpath.ps1'
[1.637s] INFO:colcon.colcon_core.shell:Creating environment descriptor '/home/xdblackout/Dev/DesmitificandoRobotica/proyecto_ws/install/robot_kinematics/share/robot_kinematics/hook/pythonpath.dsv'
[1.637s] INFO:colcon.colcon_core.shell:Creating environment hook '/home/xdblackout/Dev/DesmitificandoRobotica/proyecto_ws/install/robot_kinematics/share/robot_kinematics/hook/pythonpath.sh'
[1.638s] Level 1:colcon.colcon_core.environment:checking '/home/xdblackout/Dev/DesmitificandoRobotica/proyecto_ws/install/robot_kinematics/bin'
[1.638s] Level 1:colcon.colcon_core.environment:create_environment_scripts_only(robot_kinematics)
[1.638s] INFO:colcon.colcon_core.shell:Creating package script '/home/xdblackout/Dev/DesmitificandoRobotica/proyecto_ws/install/robot_kinematics/share/robot_kinematics/package.ps1'
[1.638s] INFO:colcon.colcon_core.shell:Creating package descriptor '/home/xdblackout/Dev/DesmitificandoRobotica/proyecto_ws/install/robot_kinematics/share/robot_kinematics/package.dsv'
[1.638s] INFO:colcon.colcon_core.shell:Creating package script '/home/xdblackout/Dev/DesmitificandoRobotica/proyecto_ws/install/robot_kinematics/share/robot_kinematics/package.sh'
[1.639s] INFO:colcon.colcon_core.shell:Creating package script '/home/xdblackout/Dev/DesmitificandoRobotica/proyecto_ws/install/robot_kinematics/share/robot_kinematics/package.bash'
[1.639s] INFO:colcon.colcon_core.shell:Creating package script '/home/xdblackout/Dev/DesmitificandoRobotica/proyecto_ws/install/robot_kinematics/share/robot_kinematics/package.zsh'
[1.639s] Level 1:colcon.colcon_core.environment:create_file_with_runtime_dependencies(/home/xdblackout/Dev/DesmitificandoRobotica/proyecto_ws/install/robot_kinematics/share/colcon-core/packages/robot_kinematics)
[1.639s] DEBUG:colcon.colcon_parallel_executor.executor.parallel:closing loop
[1.639s] DEBUG:colcon.colcon_parallel_executor.executor.parallel:loop closed
[1.640s] DEBUG:colcon.colcon_parallel_executor.executor.parallel:run_until_complete finished with '0'
[1.640s] DEBUG:colcon.colcon_core.event_reactor:joining thread
[1.643s] INFO:colcon.colcon_core.plugin_system:Skipping extension 'colcon_notification.desktop_notification.terminal_notifier': Not used on non-Darwin systems
[1.644s] INFO:colcon.colcon_core.plugin_system:Skipping extension 'colcon_notification.desktop_notification.win32': Not used on non-Windows systems
[1.644s] INFO:colcon.colcon_notification.desktop_notification:Sending desktop notification using 'notify2'
[1.652s] DEBUG:colcon.colcon_core.event_reactor:joined thread
[1.652s] INFO:colcon.colcon_core.shell:Creating prefix script '/home/xdblackout/Dev/DesmitificandoRobotica/proyecto_ws/install/local_setup.ps1'
[1.653s] INFO:colcon.colcon_core.shell:Creating prefix util module '/home/xdblackout/Dev/DesmitificandoRobotica/proyecto_ws/install/_local_setup_util_ps1.py'
[1.653s] INFO:colcon.colcon_core.shell:Creating prefix chain script '/home/xdblackout/Dev/DesmitificandoRobotica/proyecto_ws/install/setup.ps1'
[1.654s] INFO:colcon.colcon_core.shell:Creating prefix script '/home/xdblackout/Dev/DesmitificandoRobotica/proyecto_ws/install/local_setup.sh'
[1.654s] INFO:colcon.colcon_core.shell:Creating prefix util module '/home/xdblackout/Dev/DesmitificandoRobotica/proyecto_ws/install/_local_setup_util_sh.py'
[1.655s] INFO:colcon.colcon_core.shell:Creating prefix chain script '/home/xdblackout/Dev/DesmitificandoRobotica/proyecto_ws/install/setup.sh'
[1.656s] INFO:colcon.colcon_core.shell:Creating prefix script '/home/xdblackout/Dev/DesmitificandoRobotica/proyecto_ws/install/local_setup.bash'
[1.656s] INFO:colcon.colcon_core.shell:Creating prefix chain script '/home/xdblackout/Dev/DesmitificandoRobotica/proyecto_ws/install/setup.bash'
[1.656s] INFO:colcon.colcon_core.shell:Creating prefix script '/home/xdblackout/Dev/DesmitificandoRobotica/proyecto_ws/install/local_setup.zsh'
[1.657s] INFO:colcon.colcon_core.shell:Creating prefix chain script '/home/xdblackout/Dev/DesmitificandoRobotica/proyecto_ws/install/setup.zsh'
