[1.028s] Invoking command in '/home/xdblackout/Dev/DesmitificandoRobotica/proyecto_ws/src/robot_description': DEBUGINFOD_URLS=https://debuginfod.ubuntu.com PYTHONPATH=/home/xdblackout/Dev/DesmitificandoRobotica/proyecto_ws/build/robot_description/prefix_override:/usr/lib/python3/dist-packages/colcon_core/task/python/colcon_distutils_commands:/home/xdblackout/Dev/DesmitificandoRobotica/proyecto_ws/install/robot_description/lib/python3.12/site-packages:${PYTHONPATH} /usr/bin/python3 -W ignore:setup.py install is deprecated -W ignore:easy_install command is deprecated setup.py egg_info --egg-base ../../build/robot_description build --build-base /home/xdblackout/Dev/DesmitificandoRobotica/proyecto_ws/build/robot_description/build install --record /home/xdblackout/Dev/DesmitificandoRobotica/proyecto_ws/build/robot_description/install.log --single-version-externally-managed install_data
[1.203s] running egg_info
[1.203s] creating ../../build/robot_description/robot_description.egg-info
[1.216s] writing ../../build/robot_description/robot_description.egg-info/PKG-INFO
[1.216s] writing dependency_links to ../../build/robot_description/robot_description.egg-info/dependency_links.txt
[1.216s] writing requirements to ../../build/robot_description/robot_description.egg-info/requires.txt
[1.216s] writing top-level names to ../../build/robot_description/robot_description.egg-info/top_level.txt
[1.216s] writing manifest file '../../build/robot_description/robot_description.egg-info/SOURCES.txt'
[1.242s] reading manifest file '../../build/robot_description/robot_description.egg-info/SOURCES.txt'
[1.242s] writing manifest file '../../build/robot_description/robot_description.egg-info/SOURCES.txt'
[1.243s] running build
[1.243s] running build_py
[1.243s] creating /home/xdblackout/Dev/DesmitificandoRobotica/proyecto_ws/build/robot_description/build
[1.243s] creating /home/xdblackout/Dev/DesmitificandoRobotica/proyecto_ws/build/robot_description/build/lib
[1.243s] creating /home/xdblackout/Dev/DesmitificandoRobotica/proyecto_ws/build/robot_description/build/lib/robot_description
[1.243s] copying robot_description/__init__.py -> /home/xdblackout/Dev/DesmitificandoRobotica/proyecto_ws/build/robot_description/build/lib/robot_description
[1.243s] running install
[1.247s] running install_lib
[1.260s] creating /home/xdblackout/Dev/DesmitificandoRobotica/proyecto_ws/install/robot_description/lib/python3.12/site-packages/robot_description
[1.260s] copying /home/xdblackout/Dev/DesmitificandoRobotica/proyecto_ws/build/robot_description/build/lib/robot_description/__init__.py -> /home/xdblackout/Dev/DesmitificandoRobotica/proyecto_ws/install/robot_description/lib/python3.12/site-packages/robot_description
[1.260s] byte-compiling /home/xdblackout/Dev/DesmitificandoRobotica/proyecto_ws/install/robot_description/lib/python3.12/site-packages/robot_description/__init__.py to __init__.cpython-312.pyc
[1.260s] running install_data
[1.260s] creating /home/xdblackout/Dev/DesmitificandoRobotica/proyecto_ws/install/robot_description/share/ament_index
[1.260s] creating /home/xdblackout/Dev/DesmitificandoRobotica/proyecto_ws/install/robot_description/share/ament_index/resource_index
[1.260s] creating /home/xdblackout/Dev/DesmitificandoRobotica/proyecto_ws/install/robot_description/share/ament_index/resource_index/packages
[1.260s] copying resource/robot_description -> /home/xdblackout/Dev/DesmitificandoRobotica/proyecto_ws/install/robot_description/share/ament_index/resource_index/packages
[1.260s] copying package.xml -> /home/xdblackout/Dev/DesmitificandoRobotica/proyecto_ws/install/robot_description/share/robot_description
[1.260s] running install_egg_info
[1.274s] Copying ../../build/robot_description/robot_description.egg-info to /home/xdblackout/Dev/DesmitificandoRobotica/proyecto_ws/install/robot_description/lib/python3.12/site-packages/robot_description-0.0.0-py3.12.egg-info
[1.275s] running install_scripts
[1.369s] writing list of installed files to '/home/xdblackout/Dev/DesmitificandoRobotica/proyecto_ws/build/robot_description/install.log'
[1.399s] Invoked command in '/home/xdblackout/Dev/DesmitificandoRobotica/proyecto_ws/src/robot_description' returned '0': DEBUGINFOD_URLS=https://debuginfod.ubuntu.com PYTHONPATH=/home/xdblackout/Dev/DesmitificandoRobotica/proyecto_ws/build/robot_description/prefix_override:/usr/lib/python3/dist-packages/colcon_core/task/python/colcon_distutils_commands:/home/xdblackout/Dev/DesmitificandoRobotica/proyecto_ws/install/robot_description/lib/python3.12/site-packages:${PYTHONPATH} /usr/bin/python3 -W ignore:setup.py install is deprecated -W ignore:easy_install command is deprecated setup.py egg_info --egg-base ../../build/robot_description build --build-base /home/xdblackout/Dev/DesmitificandoRobotica/proyecto_ws/build/robot_description/build install --record /home/xdblackout/Dev/DesmitificandoRobotica/proyecto_ws/build/robot_description/install.log --single-version-externally-managed install_data
